Archive member included to satisfy reference by file (symbol)

d:/mounriver/mounriver_studio/toolchain/risc-v embedded gcc/bin/../lib/gcc/riscv-none-embed/8.2.0/rv32imac/ilp32\libgcc.a(eqdf2.o)
                              ./seekfree_peripheral/SEEKFREE_PRINTF.o (__nedf2)
d:/mounriver/mounriver_studio/toolchain/risc-v embedded gcc/bin/../lib/gcc/riscv-none-embed/8.2.0/rv32imac/ilp32\libgcc.a(ledf2.o)
                              ./seekfree_peripheral/SEEKFREE_18TFT.o (__ltdf2)
d:/mounriver/mounriver_studio/toolchain/risc-v embedded gcc/bin/../lib/gcc/riscv-none-embed/8.2.0/rv32imac/ilp32\libgcc.a(muldf3.o)
                              ./seekfree_peripheral/SEEKFREE_PRINTF.o (__muldf3)
d:/mounriver/mounriver_studio/toolchain/risc-v embedded gcc/bin/../lib/gcc/riscv-none-embed/8.2.0/rv32imac/ilp32\libgcc.a(subdf3.o)
                              ./seekfree_peripheral/SEEKFREE_PRINTF.o (__subdf3)
d:/mounriver/mounriver_studio/toolchain/risc-v embedded gcc/bin/../lib/gcc/riscv-none-embed/8.2.0/rv32imac/ilp32\libgcc.a(fixdfsi.o)
                              ./seekfree_peripheral/SEEKFREE_PRINTF.o (__fixdfsi)
d:/mounriver/mounriver_studio/toolchain/risc-v embedded gcc/bin/../lib/gcc/riscv-none-embed/8.2.0/rv32imac/ilp32\libgcc.a(floatsidf.o)
                              ./seekfree_peripheral/SEEKFREE_PRINTF.o (__floatsidf)
d:/mounriver/mounriver_studio/toolchain/risc-v embedded gcc/bin/../lib/gcc/riscv-none-embed/8.2.0/rv32imac/ilp32\libgcc.a(_clzsi2.o)
                              d:/mounriver/mounriver_studio/toolchain/risc-v embedded gcc/bin/../lib/gcc/riscv-none-embed/8.2.0/rv32imac/ilp32\libgcc.a(muldf3.o) (__clzsi2)
d:/mounriver/mounriver_studio/toolchain/risc-v embedded gcc/bin/../lib/gcc/riscv-none-embed/8.2.0/rv32imac/ilp32\libgcc.a(_clz.o)
                              d:/mounriver/mounriver_studio/toolchain/risc-v embedded gcc/bin/../lib/gcc/riscv-none-embed/8.2.0/rv32imac/ilp32\libgcc.a(_clzsi2.o) (__clz_tab)
d:/mounriver/mounriver_studio/toolchain/risc-v embedded gcc/bin/../lib/gcc/riscv-none-embed/8.2.0/../../../../riscv-none-embed/lib/rv32imac/ilp32\libg_nano.a(lib_a-assert.o)
                              ./seekfree_peripheral/SEEKFREE_18TFT.o (__assert_func)
d:/mounriver/mounriver_studio/toolchain/risc-v embedded gcc/bin/../lib/gcc/riscv-none-embed/8.2.0/../../../../riscv-none-embed/lib/rv32imac/ilp32\libg_nano.a(lib_a-fprintf.o)
                              d:/mounriver/mounriver_studio/toolchain/risc-v embedded gcc/bin/../lib/gcc/riscv-none-embed/8.2.0/../../../../riscv-none-embed/lib/rv32imac/ilp32\libg_nano.a(lib_a-assert.o) (fiprintf)
d:/mounriver/mounriver_studio/toolchain/risc-v embedded gcc/bin/../lib/gcc/riscv-none-embed/8.2.0/../../../../riscv-none-embed/lib/rv32imac/ilp32\libg_nano.a(lib_a-impure.o)
                              d:/mounriver/mounriver_studio/toolchain/risc-v embedded gcc/bin/../lib/gcc/riscv-none-embed/8.2.0/../../../../riscv-none-embed/lib/rv32imac/ilp32\libg_nano.a(lib_a-assert.o) (_impure_ptr)
d:/mounriver/mounriver_studio/toolchain/risc-v embedded gcc/bin/../lib/gcc/riscv-none-embed/8.2.0/../../../../riscv-none-embed/lib/rv32imac/ilp32\libg_nano.a(lib_a-memcpy.o)
                              ./seekfree_peripheral/SEEKFREE_PRINTF.o (memcpy)
d:/mounriver/mounriver_studio/toolchain/risc-v embedded gcc/bin/../lib/gcc/riscv-none-embed/8.2.0/../../../../riscv-none-embed/lib/rv32imac/ilp32\libg_nano.a(lib_a-nano-vfprintf.o)
                              d:/mounriver/mounriver_studio/toolchain/risc-v embedded gcc/bin/../lib/gcc/riscv-none-embed/8.2.0/../../../../riscv-none-embed/lib/rv32imac/ilp32\libg_nano.a(lib_a-fprintf.o) (_vfprintf_r)
d:/mounriver/mounriver_studio/toolchain/risc-v embedded gcc/bin/../lib/gcc/riscv-none-embed/8.2.0/../../../../riscv-none-embed/lib/rv32imac/ilp32\libg_nano.a(lib_a-nano-vfprintf_i.o)
                              d:/mounriver/mounriver_studio/toolchain/risc-v embedded gcc/bin/../lib/gcc/riscv-none-embed/8.2.0/../../../../riscv-none-embed/lib/rv32imac/ilp32\libg_nano.a(lib_a-nano-vfprintf.o) (_printf_i)
d:/mounriver/mounriver_studio/toolchain/risc-v embedded gcc/bin/../lib/gcc/riscv-none-embed/8.2.0/../../../../riscv-none-embed/lib/rv32imac/ilp32\libg_nano.a(lib_a-snprintf.o)
                              ./CODE/uart_showdate.o (snprintf)
d:/mounriver/mounriver_studio/toolchain/risc-v embedded gcc/bin/../lib/gcc/riscv-none-embed/8.2.0/../../../../riscv-none-embed/lib/rv32imac/ilp32\libg_nano.a(lib_a-strlen.o)
                              ./seekfree_peripheral/SEEKFREE_BLUETOOTH_CH9141.o (strlen)
d:/mounriver/mounriver_studio/toolchain/risc-v embedded gcc/bin/../lib/gcc/riscv-none-embed/8.2.0/../../../../riscv-none-embed/lib/rv32imac/ilp32\libg_nano.a(lib_a-strncmp.o)
                              ./seekfree_peripheral/SEEKFREE_BLUETOOTH_CH9141.o (strncmp)
d:/mounriver/mounriver_studio/toolchain/risc-v embedded gcc/bin/../lib/gcc/riscv-none-embed/8.2.0/../../../../riscv-none-embed/lib/rv32imac/ilp32\libg_nano.a(lib_a-wbuf.o)
[...]
Memory Configuration

Name             Origin             Length             Attributes
FLASH            0x0000000000000000 0x0000000000010000 xr
RAM              0x0000000020000000 0x0000000000005000 xrw
*default*        0x0000000000000000 0xffffffffffffffff

Linker script and memory map

LOAD ./wch_Libraries/Startup/startup_ch32v10x.o
LOAD ./wch_Libraries/Peripheral/ch32v10x_adc.o
LOAD ./wch_Libraries/Peripheral/ch32v10x_bkp.o
LOAD ./wch_Libraries/Peripheral/ch32v10x_crc.o
LOAD ./wch_Libraries/Peripheral/ch32v10x_dbgmcu.o
LOAD ./wch_Libraries/Peripheral/ch32v10x_dma.o
LOAD ./wch_Libraries/Peripheral/ch32v10x_exti.o
LOAD ./wch_Libraries/Peripheral/ch32v10x_flash.o
LOAD ./wch_Libraries/Peripheral/ch32v10x_gpio.o
LOAD ./wch_Libraries/Peripheral/ch32v10x_i2c.o
LOAD ./wch_Libraries/Peripheral/ch32v10x_iwdg.o
LOAD ./wch_Libraries/Peripheral/ch32v10x_misc.o
LOAD ./wch_Libraries/Peripheral/ch32v10x_pwr.o
LOAD ./wch_Libraries/Peripheral/ch32v10x_rcc.o
LOAD ./wch_Libraries/Peripheral/ch32v10x_rtc.o
LOAD ./wch_Libraries/Peripheral/ch32v10x_spi.o
LOAD ./wch_Libraries/Peripheral/ch32v10x_tim.o
LOAD ./wch_Libraries/Peripheral/ch32v10x_usart.o
LOAD ./wch_Libraries/Peripheral/ch32v10x_usb.o
LOAD ./wch_Libraries/Peripheral/ch32v10x_usb_host.o
LOAD ./wch_Libraries/Peripheral/ch32v10x_wwdg.o
LOAD ./wch_Libraries/Core/core_riscv.o
LOAD ./seekfree_peripheral/SEEKFREE_18TFT.o
LOAD ./seekfree_peripheral/SEEKFREE_ABSOLUTE_ENCODER.o
LOAD ./seekfree_peripheral/SEEKFREE_BLUETOOTH_CH9141.o
LOAD ./seekfree_peripheral/SEEKFREE_FONT.o
LOAD ./seekfree_peripheral/SEEKFREE_ICM20602.o
LOAD ./seekfree_peripheral/SEEKFREE_IIC.o
LOAD ./seekfree_peripheral/SEEKFREE_IPS114_SPI.o
LOAD ./seekfree_peripheral/SEEKFREE_MPU6050.o
LOAD ./seekfree_peripheral/SEEKFREE_MT9V03X.o
LOAD ./seekfree_peripheral/SEEKFREE_OLED.o
LOAD ./seekfree_peripheral/SEEKFREE_PRINTF.o
LOAD ./seekfree_peripheral/SEEKFREE_TSL1401.o
LOAD ./seekfree_peripheral/SEEKFREE_UART_7725.o
LOAD ./seekfree_peripheral/SEEKFREE_VIRSCO.o
LOAD ./seekfree_peripheral/SEEKFREE_WIRELESS.o
LOAD ./seekfree_libraries/board.o
LOAD ./seekfree_libraries/clock_config.o
LOAD ./seekfree_libraries/common.o
LOAD ./seekfree_libraries/misc.o
LOAD ./seekfree_libraries/zf_adc.o
LOAD ./seekfree_libraries/zf_camera.o
LOAD ./seekfree_libraries/zf_flash.o
LOAD ./seekfree_libraries/zf_gpio.o
LOAD ./seekfree_libraries/zf_irq.o
LOAD ./seekfree_libraries/zf_nvic.o
LOAD ./seekfree_libraries/zf_pit.o
LOAD ./seekfree_libraries/zf_pwm.o
LOAD ./seekfree_libraries/zf_spi.o
LOAD ./seekfree_libraries/zf_systick.o
LOAD ./seekfree_libraries/zf_timer.o
LOAD ./seekfree_libraries/zf_uart.o
LOAD ./seekfree_libraries/zf_usb_cdc.o
LOAD ./USER/isr.o
LOAD ./USER/main.o
LOAD ./CODE/ADC_measure.o
LOAD ./CODE/ips_show.o
LOAD ./CODE/key_make.o
LOAD ./CODE/motor_PWM.o
LOAD ./CODE/timer_encoder.o
LOAD ./CODE/uart_showdate.o
LOAD d:/mounriver/mounriver_studio/toolchain/risc-v embedded gcc/bin/../lib/gcc/riscv-none-embed/8.2.0/../../../../riscv-none-embed/lib/rv32imac/ilp32\libm.a
LOAD d:/mounriver/mounriver_studio/toolchain/risc-v embedded gcc/bin/../lib/gcc/riscv-none-embed/8.2.0/rv32imac/ilp32\libgcc.a
LOAD d:/mounriver/mounriver_studio/toolchain/risc-v embedded gcc/bin/../lib/gcc/riscv-none-embed/8.2.0/../../../../riscv-none-embed/lib/rv32imac/ilp32\libg_nano.a
LOAD d:/mounriver/mounriver_studio/toolchain/risc-v embedded gcc/bin/../lib/gcc/riscv-none-embed/8.2.0/../../../../riscv-none-embed/lib/rv32imac/ilp32\libc_nano.a
LOAD d:/mounriver/mounriver_studio/toolchain/risc-v embedded gcc/bin/../lib/gcc/riscv-none-embed/8.2.0/rv32imac/ilp32\libgcc.a
START GROUP
LOAD d:/mounriver/mounriver_studio/toolchain/risc-v embedded gcc/bin/../lib/gcc/riscv-none-embed/8.2.0/rv32imac/ilp32\libgcc.a
LOAD d:/mounriver/mounriver_studio/toolchain/risc-v embedded gcc/bin/../lib/gcc/riscv-none-embed/8.2.0/../../../../riscv-none-embed/lib/rv32imac/ilp32\libc_nano.a
LOAD d:/mounriver/mounriver_studio/toolchain/risc-v embedded gcc/bin/../lib/gcc/riscv-none-embed/8.2.0/../../../../riscv-none-embed/lib/rv32imac/ilp32\libnosys.a
END GROUP
START GROUP
LOAD d:/mounriver/mounriver_studio/toolchain/risc-v embedded gcc/bin/../lib/gcc/riscv-none-embed/8.2.0/rv32imac/ilp32\libgcc.a
LOAD d:/mounriver/mounriver_studio/toolchain/risc-v embedded gcc/bin/../lib/gcc/riscv-none-embed/8.2.0/../../../../riscv-none-embed/lib/rv32imac/ilp32\libc_nano.a
LOAD d:/mounriver/mounriver_studio/toolchain/risc-v embedded gcc/bin/../lib/gcc/riscv-none-embed/8.2.0/../../../../riscv-none-embed/lib/rv32imac/ilp32\libnosys.a
END GROUP
                0x0000000000000800                __stack_size = 0x800
                [!provide]                        PROVIDE (_stack_size = __stack_size)

.init           0x0000000000000000       0x38
                0x0000000000000000                _sinit = .
                0x0000000000000000                . = ALIGN (0x4)
 *(SORT_NONE(.init))
 .init          0x0000000000000000       0x38 ./wch_Libraries/Startup/startup_ch32v10x.o
                0x0000000000000000                _start
                0x0000000000000038                . = ALIGN (0x4)
                0x0000000000000038                _einit = .

.vector         0x0000000000000038      0x108
 *(.vector)
 .vector        0x0000000000000038       0xf0 ./wch_Libraries/Startup/startup_ch32v10x.o
                0x0000000000000140                . = ALIGN (0x40)
 *fill*         0x0000000000000128       0x18 

.text           0x0000000000000140     0x2ac8
                0x0000000000000140                . = ALIGN (0x4)
 *(.text)
 .text          0x0000000000000140        0xc ./seekfree_libraries/zf_irq.o
                0x0000000000000140                interrupt_disable
                0x0000000000000146                interrupt_enable
 *(.text.*)
 .text.handle_reset
                0x000000000000014c       0x7e ./wch_Libraries/Startup/startup_ch32v10x.o
                0x000000000000014c                handle_reset
 .text.DMA_GetFlagStatus
                0x00000000000001ca       0x5c ./wch_Libraries/Peripheral/ch32v10x_dma.o
                0x00000000000001ca                DMA_GetFlagStatus
 .text.DMA_ClearFlag
                0x0000000000000226       0x38 ./wch_Libraries/Peripheral/ch32v10x_dma.o
                0x0000000000000226                DMA_ClearFlag
 .text.EXTI_GetITStatus
                0x000000000000025e       0x56 ./wch_Libraries/Peripheral/ch32v10x_exti.o
                0x000000000000025e                EXTI_GetITStatus
 .text.EXTI_ClearITPendingBit
                0x00000000000002b4       0x20 ./wch_Libraries/Peripheral/ch32v10x_exti.o
                0x00000000000002b4                EXTI_ClearITPendingBit
 .text.GPIO_DeInit
                0x00000000000002d4       0xee ./wch_Libraries/Peripheral/ch32v10x_gpio.o
                0x00000000000002d4                GPIO_DeInit
 .text.GPIO_Init
                0x00000000000003c2      0x22a ./wch_Libraries/Peripheral/ch32v10x_gpio.o
                0x00000000000003c2                GPIO_Init
 .text.GPIO_WriteBit
                0x00000000000005ec       0x38 ./wch_Libraries/Peripheral/ch32v10x_gpio.o
                0x00000000000005ec                GPIO_WriteBit
 .text.GPIO_PinRemapConfig
                0x0000000000000624      0x13c ./wch_Libraries/Peripheral/ch32v10x_gpio.o
                0x0000000000000624                GPIO_PinRemapConfig
 .text.RCC_GetClocksFreq
                0x0000000000000760      0x21a ./wch_Libraries/Peripheral/ch32v10x_rcc.o
                0x0000000000000760                RCC_GetClocksFreq
 .text.RCC_APB2PeriphClockCmd
                0x000000000000097a       0x46 ./wch_Libraries/Peripheral/ch32v10x_rcc.o
                0x000000000000097a                RCC_APB2PeriphClockCmd
 .text.RCC_APB1PeriphClockCmd
                0x00000000000009c0       0x46 ./wch_Libraries/Peripheral/ch32v10x_rcc.o
                0x00000000000009c0                RCC_APB1PeriphClockCmd
 .text.RCC_APB2PeriphResetCmd
                0x0000000000000a06       0x46 ./wch_Libraries/Peripheral/ch32v10x_rcc.o
                0x0000000000000a06                RCC_APB2PeriphResetCmd
 .text.TIM_GetITStatus
                0x0000000000000a4c       0x70 ./wch_Libraries/Peripheral/ch32v10x_tim.o
                0x0000000000000a4c                TIM_GetITStatus
 .text.TIM_ClearITPendingBit
                0x0000000000000abc       0x2e ./wch_Libraries/Peripheral/ch32v10x_tim.o
                0x0000000000000abc                TIM_ClearITPendingBit
 .text.USART_Init
                0x0000000000000aea      0x232 ./wch_Libraries/Peripheral/ch32v10x_usart.o
                0x0000000000000aea                USART_Init
 .text.USART_Cmd
                0x0000000000000d1c       0x60 ./wch_Libraries/Peripheral/ch32v10x_usart.o
                0x0000000000000d1c                USART_Cmd
 .text.USART_GetITStatus
                0x0000000000000d7c      0x102 ./wch_Libraries/Peripheral/ch32v10x_usart.o
                0x0000000000000d7c                USART_GetITStatus
 .text.USART_ClearITPendingBit
                0x0000000000000e7e       0x4e ./wch_Libraries/Peripheral/ch32v10x_usart.o
                0x0000000000000e7e                USART_ClearITPendingBit
 .text.bluetooth_ch9141_uart_callback
                0x0000000000000ecc       0x96 ./seekfree_peripheral/SEEKFREE_BLUETOOTH_CH9141.o
                0x0000000000000ecc                bluetooth_ch9141_uart_callback
 .text.bluetooth_ch9141_check_response
                0x0000000000000f62       0x4a ./seekfree_peripheral/SEEKFREE_BLUETOOTH_CH9141.o
                0x0000000000000f62                bluetooth_ch9141_check_response
 .text.mt9v03x_uart_callback
                0x0000000000000fac       0x70 ./seekfree_peripheral/SEEKFREE_MT9V03X.o
                0x0000000000000fac                mt9v03x_uart_callback
 .text.mt9v03x_vsync
                0x000000000000101c       0x5c ./seekfree_peripheral/SEEKFREE_MT9V03X.o
                0x000000000000101c                mt9v03x_vsync
 .text.mt9v03x_dma
                0x0000000000001078       0x56 ./seekfree_peripheral/SEEKFREE_MT9V03X.o
                0x0000000000001078                mt9v03x_dma
 .text.ov7725_cof_uart_interrupt
                0x00000000000010ce       0x70 ./seekfree_peripheral/SEEKFREE_UART_7725.o
                0x00000000000010ce                ov7725_cof_uart_interrupt
 .text.ov7725_uart_vsync
                0x000000000000113e       0x5c ./seekfree_peripheral/SEEKFREE_UART_7725.o
                0x000000000000113e                ov7725_uart_vsync
 .text.ov7725_uart_dma
                0x000000000000119a       0x56 ./seekfree_peripheral/SEEKFREE_UART_7725.o
                0x000000000000119a                ov7725_uart_dma
 .text.wireless_uart_callback
                0x00000000000011f0       0x26 ./seekfree_peripheral/SEEKFREE_WIRELESS.o
                0x00000000000011f0                wireless_uart_callback
 .text.board_init
                0x0000000000001216       0x72 ./seekfree_libraries/board.o
                0x0000000000001216                board_init
 .text.SetSysClock
                0x0000000000001288      0x140 ./seekfree_libraries/clock_config.o
 .text.SystemInit
                0x00000000000013c8       0x7c ./seekfree_libraries/clock_config.o
                0x00000000000013c8                SystemInit
 .text.gpio_init
                0x0000000000001444      0x1a4 ./seekfree_libraries/zf_gpio.o
                0x0000000000001444                gpio_init
 .text.DisableGlobalIRQ
                0x00000000000015e8       0x18 ./seekfree_libraries/zf_nvic.o
                0x00000000000015e8                DisableGlobalIRQ
 .text.EnableGlobalIRQ
                0x0000000000001600       0x26 ./seekfree_libraries/zf_nvic.o
                0x0000000000001600                EnableGlobalIRQ
 .text.systick_delay
                0x0000000000001626       0x94 ./seekfree_libraries/zf_systick.o
                0x0000000000001626                systick_delay
 .text.uart_gpio_init
                0x00000000000016ba       0xd8 ./seekfree_libraries/zf_uart.o
                0x00000000000016ba                uart_gpio_init
 .text.uart_init
                0x0000000000001792      0x104 ./seekfree_libraries/zf_uart.o
                0x0000000000001792                uart_init
 .text.USB_DevTransProcess
                0x0000000000001896      0xa72 ./seekfree_libraries/zf_usb_cdc.o
                0x0000000000001896                USB_DevTransProcess
 .text.USBHD_IRQHandler
                0x0000000000002308       0x14 ./seekfree_libraries/zf_usb_cdc.o
                0x0000000000002308                USBHD_IRQHandler
 .text.EXTI0_IRQHandler
                0x000000000000231c       0x24 ./USER/isr.o
                0x000000000000231c                EXTI0_IRQHandler
 .text.EXTI1_IRQHandler
                0x0000000000002340       0x42 ./USER/isr.o
                0x0000000000002340                EXTI1_IRQHandler
 .text.EXTI2_IRQHandler
                0x0000000000002382       0x24 ./USER/isr.o
                0x0000000000002382                EXTI2_IRQHandler
 .text.EXTI3_IRQHandler
                0x00000000000023a6       0x24 ./USER/isr.o
                0x00000000000023a6                EXTI3_IRQHandler
 .text.EXTI4_IRQHandler
                0x00000000000023ca       0x24 ./USER/isr.o
                0x00000000000023ca                EXTI4_IRQHandler
 .text.EXTI9_5_IRQHandler
                0x00000000000023ee       0x90 ./USER/isr.o
                0x00000000000023ee                EXTI9_5_IRQHandler
 .text.EXTI15_10_IRQHandler
                0x000000000000247e       0x9e ./USER/isr.o
                0x000000000000247e                EXTI15_10_IRQHandler
 .text.ADC1_2_IRQHandler
                0x000000000000251c       0x10 ./USER/isr.o
                0x000000000000251c                ADC1_2_IRQHandler
 .text.TIM1_BRK_IRQHandler
                0x000000000000252c       0x34 ./USER/isr.o
                0x000000000000252c                TIM1_BRK_IRQHandler
 .text.TIM1_UP_IRQHandler
                0x0000000000002560       0x30 ./USER/isr.o
                0x0000000000002560                TIM1_UP_IRQHandler
 .text.TIM1_TRG_COM_IRQHandler
                0x0000000000002590       0x58 ./USER/isr.o
                0x0000000000002590                TIM1_TRG_COM_IRQHandler
 .text.TIM1_CC_IRQHandler
                0x00000000000025e8       0x90 ./USER/isr.o
                0x00000000000025e8                TIM1_CC_IRQHandler
 .text.TIM2_IRQHandler
                0x0000000000002678       0x28 ./USER/isr.o
                0x0000000000002678                TIM2_IRQHandler
 .text.TIM3_IRQHandler
                0x00000000000026a0       0x30 ./USER/isr.o
                0x00000000000026a0                TIM3_IRQHandler
 .text.TIM4_IRQHandler
                0x00000000000026d0       0x30 ./USER/isr.o
                0x00000000000026d0                TIM4_IRQHandler
 .text.USART1_IRQHandler
                0x0000000000002700       0x52 ./USER/isr.o
                0x0000000000002700                USART1_IRQHandler
 .text.USART2_IRQHandler
                0x0000000000002752       0x52 ./USER/isr.o
                0x0000000000002752                USART2_IRQHandler
 .text.USART3_IRQHandler
                0x00000000000027a4       0x34 ./USER/isr.o
                0x00000000000027a4                USART3_IRQHandler
 .text.DMA1_Channel4_IRQHandler
                0x00000000000027d8       0x42 ./USER/isr.o
                0x00000000000027d8                DMA1_Channel4_IRQHandler
 .text.NMI_Handler
                0x000000000000281a       0x10 ./USER/isr.o
                0x000000000000281a                NMI_Handler
 .text.HardFault_Handler
                0x000000000000282a        0x8 ./USER/isr.o
                0x000000000000282a                HardFault_Handler
 .text.main     0x0000000000002832       0x3e ./USER/main.o
                0x0000000000002832                main
 .text.memcpy   0x0000000000002870       0xb6 d:/mounriver/mounriver_studio/toolchain/risc-v embedded gcc/bin/../lib/gcc/riscv-none-embed/8.2.0/../../../../riscv-none-embed/lib/rv32imac/ilp32\libg_nano.a(lib_a-memcpy.o)
                0x0000000000002870                memcpy
 .text.strncmp  0x0000000000002926       0x2c d:/mounriver/mounriver_studio/toolchain/risc-v embedded gcc/bin/../lib/gcc/riscv-none-embed/8.2.0/../../../../riscv-none-embed/lib/rv32imac/ilp32\libg_nano.a(lib_a-strncmp.o)
                0x0000000000002926                strncmp
 *(.rodata)
 *fill*         0x0000000000002952        0x2 
 .rodata        0x0000000000002954      0x11b ./seekfree_peripheral/SEEKFREE_BLUETOOTH_CH9141.o
 *(.rodata*)
 *fill*         0x0000000000002a6f        0x1 
 .rodata.GPION  0x0000000000002a70       0x10 ./seekfree_libraries/zf_gpio.o
                0x0000000000002a70                GPION
 .rodata.UARTN  0x0000000000002a80       0x10 ./seekfree_libraries/zf_uart.o
                0x0000000000002a80                UARTN
 .rodata.MyDevDescr
                0x0000000000002a90       0x12 ./seekfree_libraries/zf_usb_cdc.o
                0x0000000000002a90                MyDevDescr
 *fill*         0x0000000000002aa2        0x2 
 .rodata.MyCfgDescr
                0x0000000000002aa4       0x43 ./seekfree_libraries/zf_usb_cdc.o
                0x0000000000002aa4                MyCfgDescr
 *fill*         0x0000000000002ae7        0x1 
 .rodata.MyProductIDInfo
                0x0000000000002ae8       0x14 ./seekfree_libraries/zf_usb_cdc.o
                0x0000000000002ae8                MyProductIDInfo
 .rodata.MyManuInfo
                0x0000000000002afc        0xe ./seekfree_libraries/zf_usb_cdc.o
                0x0000000000002afc                MyManuInfo
 *fill*         0x0000000000002b0a        0x2 
 .rodata.MyProdInfo
                0x0000000000002b0c        0xc ./seekfree_libraries/zf_usb_cdc.o
                0x0000000000002b0c                MyProdInfo
 .rodata.USB_DevTransProcess
                0x0000000000002b18       0xf0 ./seekfree_libraries/zf_usb_cdc.o
 *(.glue_7)
 *(.glue_7t)
 *(.gnu.linkonce.t.*)
                0x0000000000002c08                . = ALIGN (0x4)

.rela.dyn       0x0000000000002c08        0x0
 .rela.init     0x0000000000002c08        0x0 ./wch_Libraries/Startup/startup_ch32v10x.o
 .rela.vector   0x0000000000002c08        0x0 ./wch_Libraries/Startup/startup_ch32v10x.o
 .rela.text.handle_reset
                0x0000000000002c08        0x0 ./wch_Libraries/Startup/startup_ch32v10x.o

.fini           0x0000000000002c08        0x0
 *(SORT_NONE(.fini))
                0x0000000000002c08                . = ALIGN (0x4)
                [!provide]                        PROVIDE (_etext = .)
                [!provide]                        PROVIDE (_eitcm = .)

.preinit_array  0x0000000000002c08        0x0
                [!provide]                        PROVIDE (__preinit_array_start = .)
 *(.preinit_array)
                [!provide]                        PROVIDE (__preinit_array_end = .)

.init_array     0x0000000000002c08        0x0
                [!provide]                        PROVIDE (__init_array_start = .)
 *(SORT_BY_INIT_PRIORITY(.init_array.*) SORT_BY_INIT_PRIORITY(.ctors.*))
 *(.init_array EXCLUDE_FILE(*crtend?.o *crtend.o *crtbegin?.o *crtbegin.o) .ctors)
                [!provide]                        PROVIDE (__init_array_end = .)

.fini_array     0x0000000000002c08        0x0
                [!provide]                        PROVIDE (__fini_array_start = .)
 *(SORT_BY_INIT_PRIORITY(.fini_array.*) SORT_BY_INIT_PRIORITY(.dtors.*))
 *(.fini_array EXCLUDE_FILE(*crtend?.o *crtend.o *crtbegin?.o *crtbegin.o) .dtors)
                [!provide]                        PROVIDE (__fini_array_end = .)

.ctors
 *crtbegin.o(.ctors)
 *crtbegin?.o(.ctors)
 *(EXCLUDE_FILE(*crtend?.o *crtend.o) .ctors)
 *(SORT_BY_NAME(.ctors.*))
 *(.ctors)

.dtors
 *crtbegin.o(.dtors)
 *crtbegin?.o(.dtors)
 *(EXCLUDE_FILE(*crtend?.o *crtend.o) .dtors)
 *(SORT_BY_NAME(.dtors.*))
 *(.dtors)

.dalign         0x0000000020000000        0x0 load address 0x0000000000002c08
                0x0000000020000000                . = ALIGN (0x4)
                0x0000000020000000                PROVIDE (_data_vma = .)

.dlalign        0x0000000000002c08        0x0
                0x0000000000002c08                . = ALIGN (0x4)
                0x0000000000002c08                PROVIDE (_data_lma = .)

.data           0x0000000020000000       0x20 load address 0x0000000000002c08
 *(.gnu.linkonce.r.*)
 *(.data .data.*)
 .data.APBAHBPrescTable
                0x0000000020000000       0x10 ./wch_Libraries/Peripheral/ch32v10x_rcc.o
 *(.gnu.linkonce.d.*)
                0x0000000020000010                . = ALIGN (0x8)
                0x0000000020000810                PROVIDE (__global_pointer$ = (. + 0x800))
 *(.sdata .sdata.*)
 .sdata.ADCPrescTable
                0x0000000020000010        0x4 ./wch_Libraries/Peripheral/ch32v10x_rcc.o
 .sdata.LineCoding
                0x0000000020000014        0x7 ./seekfree_libraries/zf_usb_cdc.o
                0x0000000020000014                LineCoding
 *(.sdata2.*)
 *fill*         0x000000002000001b        0x1 
 .sdata2.MyLangDescr
                0x000000002000001c        0x4 ./seekfree_libraries/zf_usb_cdc.o
                0x000000002000001c                MyLangDescr
 *(.gnu.linkonce.s.*)
                0x0000000020000020                . = ALIGN (0x8)
 *(.srodata.cst16)
 *(.srodata.cst8)
 *(.srodata.cst4)
 *(.srodata.cst2)
 *(.srodata .srodata.*)
                0x0000000020000020                . = ALIGN (0x4)
                0x0000000020000020                PROVIDE (_edata = .)

.bss            0x0000000020000020       0x58 load address 0x0000000000002c28
                0x0000000020000020                . = ALIGN (0x4)
                0x0000000020000020                PROVIDE (_sbss = .)
 *(.sbss*)
 .sbss.pEP0_RAM_Addr
                0x0000000020000020        0x4 ./wch_Libraries/Peripheral/ch32v10x_usb.o
                0x0000000020000020                pEP0_RAM_Addr
 .sbss.pEP2_RAM_Addr
                0x0000000020000024        0x4 ./wch_Libraries/Peripheral/ch32v10x_usb.o
                0x0000000020000024                pEP2_RAM_Addr
 .sbss.uart_flag
                0x0000000020000028        0x1 ./seekfree_peripheral/SEEKFREE_BLUETOOTH_CH9141.o
                0x0000000020000028                uart_flag
 .sbss.uart_data
                0x0000000020000029        0x1 ./seekfree_peripheral/SEEKFREE_BLUETOOTH_CH9141.o
                0x0000000020000029                uart_data
 .sbss.at_mode  0x000000002000002a        0x1 ./seekfree_peripheral/SEEKFREE_BLUETOOTH_CH9141.o
                0x000000002000002a                at_mode
 .sbss.at_mode_num
                0x000000002000002b        0x1 ./seekfree_peripheral/SEEKFREE_BLUETOOTH_CH9141.o
                0x000000002000002b                at_mode_num
 .sbss.at_mode_cmd_flag
                0x000000002000002c        0x1 ./seekfree_peripheral/SEEKFREE_BLUETOOTH_CH9141.o
                0x000000002000002c                at_mode_cmd_flag
 *fill*         0x000000002000002d        0x3 
 .sbss.receive  0x0000000020000030        0x3 ./seekfree_peripheral/SEEKFREE_MT9V03X.o
                0x0000000020000030                receive
 .sbss.receive_num
                0x0000000020000033        0x1 ./seekfree_peripheral/SEEKFREE_MT9V03X.o
                0x0000000020000033                receive_num
 .sbss.uart_receive_flag
                0x0000000020000034        0x1 ./seekfree_peripheral/SEEKFREE_MT9V03X.o
                0x0000000020000034                uart_receive_flag
 .sbss.mt9v03x_finish_flag
                0x0000000020000035        0x1 ./seekfree_peripheral/SEEKFREE_MT9V03X.o
                0x0000000020000035                mt9v03x_finish_flag
 *fill*         0x0000000020000036        0x2 
 .sbss.ov7725_uart_receive
                0x0000000020000038        0x3 ./seekfree_peripheral/SEEKFREE_UART_7725.o
                0x0000000020000038                ov7725_uart_receive
 .sbss.ov7725_uart_receive_num
                0x000000002000003b        0x1 ./seekfree_peripheral/SEEKFREE_UART_7725.o
                0x000000002000003b                ov7725_uart_receive_num
 .sbss.ov7725_uart_receive_flag
                0x000000002000003c        0x1 ./seekfree_peripheral/SEEKFREE_UART_7725.o
                0x000000002000003c                ov7725_uart_receive_flag
 .sbss.ov7725_uart_finish_flag
                0x000000002000003d        0x1 ./seekfree_peripheral/SEEKFREE_UART_7725.o
                0x000000002000003d                ov7725_uart_finish_flag
 .sbss.wireless_rx_buffer
                0x000000002000003e        0x1 ./seekfree_peripheral/SEEKFREE_WIRELESS.o
                0x000000002000003e                wireless_rx_buffer
 *fill*         0x000000002000003f        0x1 
 .sbss.camera_type
                0x0000000020000040        0x4 ./seekfree_libraries/common.o
                0x0000000020000040                camera_type
 .sbss.wireless_type
                0x0000000020000044        0x4 ./seekfree_libraries/common.o
                0x0000000020000044                wireless_type
 .sbss.sys_clk  0x0000000020000048        0x4 ./seekfree_libraries/common.o
                0x0000000020000048                sys_clk
 .sbss.UsbConfig
                0x000000002000004c        0x1 ./seekfree_libraries/zf_usb_cdc.o
                0x000000002000004c                UsbConfig
 .sbss.SetupReqCode
                0x000000002000004d        0x1 ./seekfree_libraries/zf_usb_cdc.o
                0x000000002000004d                SetupReqCode
 .sbss.SetupReqLen
                0x000000002000004e        0x2 ./seekfree_libraries/zf_usb_cdc.o
                0x000000002000004e                SetupReqLen
 .sbss.USBByteCount
                0x0000000020000050        0x1 ./seekfree_libraries/zf_usb_cdc.o
                0x0000000020000050                USBByteCount
 *fill*         0x0000000020000051        0x3 
 .sbss.pDescr   0x0000000020000054        0x4 ./seekfree_libraries/zf_usb_cdc.o
                0x0000000020000054                pDescr
 *(.gnu.linkonce.sb.*)
 *(.bss*)
 .bss.at_mode_data
                0x0000000020000058       0x1e ./seekfree_peripheral/SEEKFREE_BLUETOOTH_CH9141.o
                0x0000000020000058                at_mode_data
 *(.gnu.linkonce.b.*)
 *(COMMON*)
                0x0000000020000078                . = ALIGN (0x4)
 *fill*         0x0000000020000076        0x2 
                0x0000000020000078                PROVIDE (_ebss = .)
                [!provide]                        PROVIDE (_end = _ebss)
                0x0000000020000078                PROVIDE (end = .)

.stack          0x0000000020004800      0x800
                0x0000000020004800                . = ALIGN (0x4)
                [!provide]                        PROVIDE (_susrstack = .)
                0x0000000020005000                . = (. + __stack_size)
 *fill*         0x0000000020004800      0x800 
                0x0000000020005000                PROVIDE (_eusrstack = .)
OUTPUT(MRS.elf elf32-littleriscv)

.debug_line     0x0000000000000000     0xbaf7
 .debug_line    0x0000000000000000      0x259 ./wch_Libraries/Startup/startup_ch32v10x.o
 .debug_line    0x0000000000000259      0x714 ./wch_Libraries/Peripheral/ch32v10x_dma.o
 .debug_line    0x000000000000096d      0x552 ./wch_Libraries/Peripheral/ch32v10x_exti.o
 .debug_line    0x0000000000000ebf      0x9e4 ./wch_Libraries/Peripheral/ch32v10x_gpio.o
 .debug_line    0x00000000000018a3      0xd1a ./wch_Libraries/Peripheral/ch32v10x_rcc.o
 .debug_line    0x00000000000025bd     0x1fc4 ./wch_Libraries/Peripheral/ch32v10x_tim.o
 .debug_line    0x0000000000004581      0xc48 ./wch_Libraries/Peripheral/ch32v10x_usart.o
 .debug_line    0x00000000000051c9      0x4e0 ./wch_Libraries/Peripheral/ch32v10x_usb.o
 .debug_line    0x00000000000056a9      0xa7b ./seekfree_peripheral/SEEKFREE_BLUETOOTH_CH9141.o
 .debug_line    0x0000000000006124      0xac1 ./seekfree_peripheral/SEEKFREE_MT9V03X.o
 .debug_line    0x0000000000006be5      0xab1 ./seekfree_peripheral/SEEKFREE_UART_7725.o
 .debug_line    0x0000000000007696      0x480 ./seekfree_peripheral/SEEKFREE_WIRELESS.o
 .debug_line    0x0000000000007b16      0x43b ./seekfree_libraries/board.o
 .debug_line    0x0000000000007f51      0x3e7 ./seekfree_libraries/clock_config.o
 .debug_line    0x0000000000008338      0x1d1 ./seekfree_libraries/common.o
 .debug_line    0x0000000000008509      0x6df ./seekfree_libraries/zf_gpio.o
 .debug_line    0x0000000000008be8       0x9f ./seekfree_libraries/zf_irq.o
 .debug_line    0x0000000000008c87      0x3cc ./seekfree_libraries/zf_nvic.o
 .debug_line    0x0000000000009053      0x42e ./seekfree_libraries/zf_systick.o
 .debug_line    0x0000000000009481      0x720 ./seekfree_libraries/zf_uart.o
 .debug_line    0x0000000000009ba1     0x1061 ./seekfree_libraries/zf_usb_cdc.o
 .debug_line    0x000000000000ac02      0xaf8 ./USER/isr.o
 .debug_line    0x000000000000b6fa      0x3fd ./USER/main.o

.debug_info     0x0000000000000000    0x12409
 .debug_info    0x0000000000000000       0x22 ./wch_Libraries/Startup/startup_ch32v10x.o
 .debug_info    0x0000000000000022      0x476 ./wch_Libraries/Peripheral/ch32v10x_dma.o
 .debug_info    0x0000000000000498      0x353 ./wch_Libraries/Peripheral/ch32v10x_exti.o
 .debug_info    0x00000000000007eb      0x6e7 ./wch_Libraries/Peripheral/ch32v10x_gpio.o
 .debug_info    0x0000000000000ed2      0x8d8 ./wch_Libraries/Peripheral/ch32v10x_rcc.o
 .debug_info    0x00000000000017aa     0x1dcc ./wch_Libraries/Peripheral/ch32v10x_tim.o
 .debug_info    0x0000000000003576      0xa42 ./wch_Libraries/Peripheral/ch32v10x_usart.o
 .debug_info    0x0000000000003fb8      0x2bd ./wch_Libraries/Peripheral/ch32v10x_usb.o
 .debug_info    0x0000000000004275     0x144f ./seekfree_peripheral/SEEKFREE_BLUETOOTH_CH9141.o
 .debug_info    0x00000000000056c4     0x17dd ./seekfree_peripheral/SEEKFREE_MT9V03X.o
 .debug_info    0x0000000000006ea1     0x17c3 ./seekfree_peripheral/SEEKFREE_UART_7725.o
 .debug_info    0x0000000000008664      0xfbd ./seekfree_peripheral/SEEKFREE_WIRELESS.o
 .debug_info    0x0000000000009621      0xd63 ./seekfree_libraries/board.o
 .debug_info    0x000000000000a384      0x25f ./seekfree_libraries/clock_config.o
 .debug_info    0x000000000000a5e3      0xa51 ./seekfree_libraries/common.o
 .debug_info    0x000000000000b034     0x1185 ./seekfree_libraries/zf_gpio.o
 .debug_info    0x000000000000c1b9       0x26 ./seekfree_libraries/zf_irq.o
 .debug_info    0x000000000000c1df      0xcb7 ./seekfree_libraries/zf_nvic.o
 .debug_info    0x000000000000ce96      0xba4 ./seekfree_libraries/zf_systick.o
 .debug_info    0x000000000000da3a     0x132f ./seekfree_libraries/zf_uart.o
 .debug_info    0x000000000000ed69     0x141a ./seekfree_libraries/zf_usb_cdc.o
 .debug_info    0x0000000000010183     0x13b2 ./USER/isr.o
 .debug_info    0x0000000000011535      0xed4 ./USER/main.o

.debug_abbrev   0x0000000000000000     0x2fca
 .debug_abbrev  0x0000000000000000       0x12 ./wch_Libraries/Startup/startup_ch32v10x.o
 .debug_abbrev  0x0000000000000012      0x18f ./wch_Libraries/Peripheral/ch32v10x_dma.o
 .debug_abbrev  0x00000000000001a1      0x144 ./wch_Libraries/Peripheral/ch32v10x_exti.o
 .debug_abbrev  0x00000000000002e5      0x1c7 ./wch_Libraries/Peripheral/ch32v10x_gpio.o
 .debug_abbrev  0x00000000000004ac      0x1ef ./wch_Libraries/Peripheral/ch32v10x_rcc.o
 .debug_abbrev  0x000000000000069b      0x1c9 ./wch_Libraries/Peripheral/ch32v10x_tim.o
 .debug_abbrev  0x0000000000000864      0x19e ./wch_Libraries/Peripheral/ch32v10x_usart.o
 .debug_abbrev  0x0000000000000a02       0xb2 ./wch_Libraries/Peripheral/ch32v10x_usb.o
 .debug_abbrev  0x0000000000000ab4      0x352 ./seekfree_peripheral/SEEKFREE_BLUETOOTH_CH9141.o
 .debug_abbrev  0x0000000000000e06      0x365 ./seekfree_peripheral/SEEKFREE_MT9V03X.o
 .debug_abbrev  0x000000000000116b      0x39f ./seekfree_peripheral/SEEKFREE_UART_7725.o
 .debug_abbrev  0x000000000000150a      0x2a5 ./seekfree_peripheral/SEEKFREE_WIRELESS.o
 .debug_abbrev  0x00000000000017af      0x280 ./seekfree_libraries/board.o
 .debug_abbrev  0x0000000000001a2f       0xe8 ./seekfree_libraries/clock_config.o
 .debug_abbrev  0x0000000000001b17      0x1fa ./seekfree_libraries/common.o
 .debug_abbrev  0x0000000000001d11      0x2c2 ./seekfree_libraries/zf_gpio.o
 .debug_abbrev  0x0000000000001fd3       0x14 ./seekfree_libraries/zf_irq.o
 .debug_abbrev  0x0000000000001fe7      0x2b3 ./seekfree_libraries/zf_nvic.o
 .debug_abbrev  0x000000000000229a      0x257 ./seekfree_libraries/zf_systick.o
 .debug_abbrev  0x00000000000024f1      0x2e5 ./seekfree_libraries/zf_uart.o
 .debug_abbrev  0x00000000000027d6      0x34e ./seekfree_libraries/zf_usb_cdc.o
 .debug_abbrev  0x0000000000002b24      0x286 ./USER/isr.o
 .debug_abbrev  0x0000000000002daa      0x220 ./USER/main.o

.debug_aranges  0x0000000000000000      0xb98
 .debug_aranges
                0x0000000000000000       0x30 ./wch_Libraries/Startup/startup_ch32v10x.o
 .debug_aranges
                0x0000000000000030       0x70 ./wch_Libraries/Peripheral/ch32v10x_dma.o
 .debug_aranges
                0x00000000000000a0       0x58 ./wch_Libraries/Peripheral/ch32v10x_exti.o
 .debug_aranges
                0x00000000000000f8       0xa0 ./wch_Libraries/Peripheral/ch32v10x_gpio.o
 .debug_aranges
                0x0000000000000198      0x118 ./wch_Libraries/Peripheral/ch32v10x_rcc.o
 .debug_aranges
                0x00000000000002b0      0x2f0 ./wch_Libraries/Peripheral/ch32v10x_tim.o
 .debug_aranges
                0x00000000000005a0      0x100 ./wch_Libraries/Peripheral/ch32v10x_usart.o
 .debug_aranges
                0x00000000000006a0       0x58 ./wch_Libraries/Peripheral/ch32v10x_usb.o
 .debug_aranges
                0x00000000000006f8       0xa8 ./seekfree_peripheral/SEEKFREE_BLUETOOTH_CH9141.o
 .debug_aranges
                0x00000000000007a0       0x80 ./seekfree_peripheral/SEEKFREE_MT9V03X.o
 .debug_aranges
                0x0000000000000820       0x80 ./seekfree_peripheral/SEEKFREE_UART_7725.o
 .debug_aranges
                0x00000000000008a0       0x30 ./seekfree_peripheral/SEEKFREE_WIRELESS.o
 .debug_aranges
                0x00000000000008d0       0x28 ./seekfree_libraries/board.o
 .debug_aranges
                0x00000000000008f8       0x28 ./seekfree_libraries/clock_config.o
 .debug_aranges
                0x0000000000000920       0x18 ./seekfree_libraries/common.o
 .debug_aranges
                0x0000000000000938       0x40 ./seekfree_libraries/zf_gpio.o
 .debug_aranges
                0x0000000000000978       0x20 ./seekfree_libraries/zf_irq.o
 .debug_aranges
                0x0000000000000998       0x30 ./seekfree_libraries/zf_nvic.o
 .debug_aranges
                0x00000000000009c8       0x30 ./seekfree_libraries/zf_systick.o
 .debug_aranges
                0x00000000000009f8       0x60 ./seekfree_libraries/zf_uart.o
 .debug_aranges
                0x0000000000000a58       0x60 ./seekfree_libraries/zf_usb_cdc.o
 .debug_aranges
                0x0000000000000ab8       0xc0 ./USER/isr.o
 .debug_aranges
                0x0000000000000b78       0x20 ./USER/main.o

.debug_str      0x0000000000000000     0x40b9
 .debug_str     0x0000000000000000       0xbd ./wch_Libraries/Startup/startup_ch32v10x.o
 .debug_str     0x00000000000000bd      0x3a1 ./wch_Libraries/Peripheral/ch32v10x_dma.o
                                        0x44d (size before relaxing)
 .debug_str     0x000000000000045e      0x203 ./wch_Libraries/Peripheral/ch32v10x_exti.o
                                        0x3e7 (size before relaxing)
 .debug_str     0x0000000000000661      0x395 ./wch_Libraries/Peripheral/ch32v10x_gpio.o
                                        0x57e (size before relaxing)
 .debug_str     0x00000000000009f6      0x48c ./wch_Libraries/Peripheral/ch32v10x_rcc.o
                                        0x6bf (size before relaxing)
 .debug_str     0x0000000000000e82      0xc2d ./wch_Libraries/Peripheral/ch32v10x_tim.o
                                        0xea7 (size before relaxing)
 .debug_str     0x0000000000001aaf      0x464 ./wch_Libraries/Peripheral/ch32v10x_usart.o
                                        0x731 (size before relaxing)
 .debug_str     0x0000000000001f13      0x177 ./wch_Libraries/Peripheral/ch32v10x_usb.o
                                        0x302 (size before relaxing)
 .debug_str     0x000000000000208a      0xaf9 ./seekfree_peripheral/SEEKFREE_BLUETOOTH_CH9141.o
                                        0xd9b (size before relaxing)
 .debug_str     0x0000000000002b83      0x46d ./seekfree_peripheral/SEEKFREE_MT9V03X.o
                                        0xea4 (size before relaxing)
 .debug_str     0x0000000000002ff0      0x2f8 ./seekfree_peripheral/SEEKFREE_UART_7725.o
                                        0xf48 (size before relaxing)
 .debug_str     0x00000000000032e8       0xc6 ./seekfree_peripheral/SEEKFREE_WIRELESS.o
                                        0x931 (size before relaxing)
 .debug_str     0x00000000000033ae       0x67 ./seekfree_libraries/board.o
                                        0x8ed (size before relaxing)
 .debug_str     0x0000000000003415       0xa7 ./seekfree_libraries/clock_config.o
                                        0x2ec (size before relaxing)
 .debug_str     0x00000000000034bc       0x5d ./seekfree_libraries/common.o
                                        0x71c (size before relaxing)
 .debug_str     0x0000000000003519       0xf0 ./seekfree_libraries/zf_gpio.o
                                        0xa34 (size before relaxing)
 .debug_str     0x0000000000003609       0x5d ./seekfree_libraries/zf_irq.o
                                         0xb0 (size before relaxing)
 .debug_str     0x0000000000003666      0x160 ./seekfree_libraries/zf_nvic.o
                                        0xaa9 (size before relaxing)
 .debug_str     0x00000000000037c6      0x108 ./seekfree_libraries/zf_systick.o
                                        0x7f7 (size before relaxing)
 .debug_str     0x00000000000038ce       0xf7 ./seekfree_libraries/zf_uart.o
                                        0xc51 (size before relaxing)
 .debug_str     0x00000000000039c5      0x3e7 ./seekfree_libraries/zf_usb_cdc.o
                                        0xe60 (size before relaxing)
 .debug_str     0x0000000000003dac      0x2bd ./USER/isr.o
                                        0xd89 (size before relaxing)
 .debug_str     0x0000000000004069       0x50 ./USER/main.o
                                        0xa6a (size before relaxing)

.debug_ranges   0x0000000000000000      0xa18
 .debug_ranges  0x0000000000000000       0x28 ./wch_Libraries/Startup/startup_ch32v10x.o
 .debug_ranges  0x0000000000000028       0x60 ./wch_Libraries/Peripheral/ch32v10x_dma.o
 .debug_ranges  0x0000000000000088       0x48 ./wch_Libraries/Peripheral/ch32v10x_exti.o
 .debug_ranges  0x00000000000000d0       0x90 ./wch_Libraries/Peripheral/ch32v10x_gpio.o
 .debug_ranges  0x0000000000000160      0x108 ./wch_Libraries/Peripheral/ch32v10x_rcc.o
 .debug_ranges  0x0000000000000268      0x2e0 ./wch_Libraries/Peripheral/ch32v10x_tim.o
 .debug_ranges  0x0000000000000548       0xf0 ./wch_Libraries/Peripheral/ch32v10x_usart.o
 .debug_ranges  0x0000000000000638       0x48 ./wch_Libraries/Peripheral/ch32v10x_usb.o
 .debug_ranges  0x0000000000000680       0x98 ./seekfree_peripheral/SEEKFREE_BLUETOOTH_CH9141.o
 .debug_ranges  0x0000000000000718       0x70 ./seekfree_peripheral/SEEKFREE_MT9V03X.o
 .debug_ranges  0x0000000000000788       0x70 ./seekfree_peripheral/SEEKFREE_UART_7725.o
 .debug_ranges  0x00000000000007f8       0x20 ./seekfree_peripheral/SEEKFREE_WIRELESS.o
 .debug_ranges  0x0000000000000818       0x18 ./seekfree_libraries/board.o
 .debug_ranges  0x0000000000000830       0x18 ./seekfree_libraries/clock_config.o
 .debug_ranges  0x0000000000000848       0x30 ./seekfree_libraries/zf_gpio.o
 .debug_ranges  0x0000000000000878       0x20 ./seekfree_libraries/zf_nvic.o
 .debug_ranges  0x0000000000000898       0x20 ./seekfree_libraries/zf_systick.o
 .debug_ranges  0x00000000000008b8       0x50 ./seekfree_libraries/zf_uart.o
 .debug_ranges  0x0000000000000908       0x50 ./seekfree_libraries/zf_usb_cdc.o
 .debug_ranges  0x0000000000000958       0xb0 ./USER/isr.o
 .debug_ranges  0x0000000000000a08       0x10 ./USER/main.o

.comment        0x0000000000000000       0x33
 .comment       0x0000000000000000       0x33 ./wch_Libraries/Peripheral/ch32v10x_dma.o
                                         0x34 (size before relaxing)
 .comment       0x0000000000000033       0x34 ./wch_Libraries/Peripheral/ch32v10x_exti.o
 .comment       0x0000000000000033       0x34 ./wch_Libraries/Peripheral/ch32v10x_gpio.o
 .comment       0x0000000000000033       0x34 ./wch_Libraries/Peripheral/ch32v10x_rcc.o
 .comment       0x0000000000000033       0x34 ./wch_Libraries/Peripheral/ch32v10x_tim.o
 .comment       0x0000000000000033       0x34 ./wch_Libraries/Peripheral/ch32v10x_usart.o
 .comment       0x0000000000000033       0x34 ./wch_Libraries/Peripheral/ch32v10x_usb.o
 .comment       0x0000000000000033       0x34 ./seekfree_peripheral/SEEKFREE_BLUETOOTH_CH9141.o
 .comment       0x0000000000000033       0x34 ./seekfree_peripheral/SEEKFREE_MT9V03X.o
 .comment       0x0000000000000033       0x34 ./seekfree_peripheral/SEEKFREE_UART_7725.o
 .comment       0x0000000000000033       0x34 ./seekfree_peripheral/SEEKFREE_WIRELESS.o
 .comment       0x0000000000000033       0x34 ./seekfree_libraries/board.o
 .comment       0x0000000000000033       0x34 ./seekfree_libraries/clock_config.o
 .comment       0x0000000000000033       0x34 ./seekfree_libraries/common.o
 .comment       0x0000000000000033       0x34 ./seekfree_libraries/zf_gpio.o
 .comment       0x0000000000000033       0x34 ./seekfree_libraries/zf_nvic.o
 .comment       0x0000000000000033       0x34 ./seekfree_libraries/zf_systick.o
 .comment       0x0000000000000033       0x34 ./seekfree_libraries/zf_uart.o
 .comment       0x0000000000000033       0x34 ./seekfree_libraries/zf_usb_cdc.o
 .comment       0x0000000000000033       0x34 ./USER/isr.o
 .comment       0x0000000000000033       0x34 ./USER/main.o

.debug_frame    0x0000000000000000     0x2890
 .debug_frame   0x0000000000000000      0x174 ./wch_Libraries/Peripheral/ch32v10x_dma.o
 .debug_frame   0x0000000000000174      0x114 ./wch_Libraries/Peripheral/ch32v10x_exti.o
 .debug_frame   0x0000000000000288      0x244 ./wch_Libraries/Peripheral/ch32v10x_gpio.o
 .debug_frame   0x00000000000004cc      0x418 ./wch_Libraries/Peripheral/ch32v10x_rcc.o
 .debug_frame   0x00000000000008e4      0xbb4 ./wch_Libraries/Peripheral/ch32v10x_tim.o
 .debug_frame   0x0000000000001498      0x3bc ./wch_Libraries/Peripheral/ch32v10x_usart.o
 .debug_frame   0x0000000000001854      0x114 ./wch_Libraries/Peripheral/ch32v10x_usb.o
 .debug_frame   0x0000000000001968      0x2a4 ./seekfree_peripheral/SEEKFREE_BLUETOOTH_CH9141.o
 .debug_frame   0x0000000000001c0c      0x1ec ./seekfree_peripheral/SEEKFREE_MT9V03X.o
 .debug_frame   0x0000000000001df8      0x214 ./seekfree_peripheral/SEEKFREE_UART_7725.o
 .debug_frame   0x000000000000200c       0x78 ./seekfree_peripheral/SEEKFREE_WIRELESS.o
 .debug_frame   0x0000000000002084       0x58 ./seekfree_libraries/board.o
 .debug_frame   0x00000000000020dc       0x58 ./seekfree_libraries/clock_config.o
 .debug_frame   0x0000000000002134       0xbc ./seekfree_libraries/zf_gpio.o
 .debug_frame   0x00000000000021f0       0x7c ./seekfree_libraries/zf_nvic.o
 .debug_frame   0x000000000000226c       0x70 ./seekfree_libraries/zf_systick.o
 .debug_frame   0x00000000000022dc      0x150 ./seekfree_libraries/zf_uart.o
 .debug_frame   0x000000000000242c      0x148 ./seekfree_libraries/zf_usb_cdc.o
 .debug_frame   0x0000000000002574      0x2ac ./USER/isr.o
 .debug_frame   0x0000000000002820       0x30 ./USER/main.o
 .debug_frame   0x0000000000002850       0x20 d:/mounriver/mounriver_studio/toolchain/risc-v embedded gcc/bin/../lib/gcc/riscv-none-embed/8.2.0/../../../../riscv-none-embed/lib/rv32imac/ilp32\libg_nano.a(lib_a-memcpy.o)
 .debug_frame   0x0000000000002870       0x20 d:/mounriver/mounriver_studio/toolchain/risc-v embedded gcc/bin/../lib/gcc/riscv-none-embed/8.2.0/../../../../riscv-none-embed/lib/rv32imac/ilp32\libg_nano.a(lib_a-strncmp.o)

.stabstr        0x0000000000000000      0x183
 .stabstr       0x0000000000000000      0x183 d:/mounriver/mounriver_studio/toolchain/risc-v embedded gcc/bin/../lib/gcc/riscv-none-embed/8.2.0/../../../../riscv-none-embed/lib/rv32imac/ilp32\libnosys.a(close.o)
