Archive member included to satisfy reference by file (symbol)

e:/mounriver/mounriver_studio/toolchain/risc-v embedded gcc/bin/../lib/gcc/riscv-none-embed/8.2.0/rv32imac/ilp32\libgcc.a(eqdf2.o)
                              ./seekfree_peripheral/SEEKFREE_PRINTF.o (__nedf2)
e:/mounriver/mounriver_studio/toolchain/risc-v embedded gcc/bin/../lib/gcc/riscv-none-embed/8.2.0/rv32imac/ilp32\libgcc.a(ledf2.o)
                              ./seekfree_peripheral/SEEKFREE_18TFT.o (__ltdf2)
e:/mounriver/mounriver_studio/toolchain/risc-v embedded gcc/bin/../lib/gcc/riscv-none-embed/8.2.0/rv32imac/ilp32\libgcc.a(muldf3.o)
                              ./seekfree_peripheral/SEEKFREE_PRINTF.o (__muldf3)
e:/mounriver/mounriver_studio/toolchain/risc-v embedded gcc/bin/../lib/gcc/riscv-none-embed/8.2.0/rv32imac/ilp32\libgcc.a(subdf3.o)
                              ./seekfree_peripheral/SEEKFREE_PRINTF.o (__subdf3)
e:/mounriver/mounriver_studio/toolchain/risc-v embedded gcc/bin/../lib/gcc/riscv-none-embed/8.2.0/rv32imac/ilp32\libgcc.a(fixdfsi.o)
                              ./seekfree_peripheral/SEEKFREE_PRINTF.o (__fixdfsi)
e:/mounriver/mounriver_studio/toolchain/risc-v embedded gcc/bin/../lib/gcc/riscv-none-embed/8.2.0/rv32imac/ilp32\libgcc.a(floatsidf.o)
                              ./seekfree_peripheral/SEEKFREE_PRINTF.o (__floatsidf)
e:/mounriver/mounriver_studio/toolchain/risc-v embedded gcc/bin/../lib/gcc/riscv-none-embed/8.2.0/rv32imac/ilp32\libgcc.a(_clzsi2.o)
                              e:/mounriver/mounriver_studio/toolchain/risc-v embedded gcc/bin/../lib/gcc/riscv-none-embed/8.2.0/rv32imac/ilp32\libgcc.a(muldf3.o) (__clzsi2)
e:/mounriver/mounriver_studio/toolchain/risc-v embedded gcc/bin/../lib/gcc/riscv-none-embed/8.2.0/rv32imac/ilp32\libgcc.a(_clz.o)
                              e:/mounriver/mounriver_studio/toolchain/risc-v embedded gcc/bin/../lib/gcc/riscv-none-embed/8.2.0/rv32imac/ilp32\libgcc.a(_clzsi2.o) (__clz_tab)
e:/mounriver/mounriver_studio/toolchain/risc-v embedded gcc/bin/../lib/gcc/riscv-none-embed/8.2.0/../../../../riscv-none-embed/lib/rv32imac/ilp32\libg_nano.a(lib_a-assert.o)
                              ./seekfree_peripheral/SEEKFREE_18TFT.o (__assert_func)
e:/mounriver/mounriver_studio/toolchain/risc-v embedded gcc/bin/../lib/gcc/riscv-none-embed/8.2.0/../../../../riscv-none-embed/lib/rv32imac/ilp32\libg_nano.a(lib_a-fprintf.o)
                              e:/mounriver/mounriver_studio/toolchain/risc-v embedded gcc/bin/../lib/gcc/riscv-none-embed/8.2.0/../../../../riscv-none-embed/lib/rv32imac/ilp32\libg_nano.a(lib_a-assert.o) (fiprintf)
e:/mounriver/mounriver_studio/toolchain/risc-v embedded gcc/bin/../lib/gcc/riscv-none-embed/8.2.0/../../../../riscv-none-embed/lib/rv32imac/ilp32\libg_nano.a(lib_a-impure.o)
                              e:/mounriver/mounriver_studio/toolchain/risc-v embedded gcc/bin/../lib/gcc/riscv-none-embed/8.2.0/../../../../riscv-none-embed/lib/rv32imac/ilp32\libg_nano.a(lib_a-assert.o) (_impure_ptr)
e:/mounriver/mounriver_studio/toolchain/risc-v embedded gcc/bin/../lib/gcc/riscv-none-embed/8.2.0/../../../../riscv-none-embed/lib/rv32imac/ilp32\libg_nano.a(lib_a-memcpy.o)
                              ./seekfree_peripheral/SEEKFREE_PRINTF.o (memcpy)
e:/mounriver/mounriver_studio/toolchain/risc-v embedded gcc/bin/../lib/gcc/riscv-none-embed/8.2.0/../../../../riscv-none-embed/lib/rv32imac/ilp32\libg_nano.a(lib_a-nano-vfprintf.o)
                              e:/mounriver/mounriver_studio/toolchain/risc-v embedded gcc/bin/../lib/gcc/riscv-none-embed/8.2.0/../../../../riscv-none-embed/lib/rv32imac/ilp32\libg_nano.a(lib_a-fprintf.o) (_vfprintf_r)
e:/mounriver/mounriver_studio/toolchain/risc-v embedded gcc/bin/../lib/gcc/riscv-none-embed/8.2.0/../../../../riscv-none-embed/lib/rv32imac/ilp32\libg_nano.a(lib_a-nano-vfprintf_i.o)
                              e:/mounriver/mounriver_studio/toolchain/risc-v embedded gcc/bin/../lib/gcc/riscv-none-embed/8.2.0/../../../../riscv-none-embed/lib/rv32imac/ilp32\libg_nano.a(lib_a-nano-vfprintf.o) (_printf_i)
e:/mounriver/mounriver_studio/toolchain/risc-v embedded gcc/bin/../lib/gcc/riscv-none-embed/8.2.0/../../../../riscv-none-embed/lib/rv32imac/ilp32\libg_nano.a(lib_a-snprintf.o)
                              ./CODE/uart_showdate.o (snprintf)
e:/mounriver/mounriver_studio/toolchain/risc-v embedded gcc/bin/../lib/gcc/riscv-none-embed/8.2.0/../../../../riscv-none-embed/lib/rv32imac/ilp32\libg_nano.a(lib_a-strlen.o)
                              ./seekfree_peripheral/SEEKFREE_BLUETOOTH_CH9141.o (strlen)
e:/mounriver/mounriver_studio/toolchain/risc-v embedded gcc/bin/../lib/gcc/riscv-none-embed/8.2.0/../../../../riscv-none-embed/lib/rv32imac/ilp32\libg_nano.a(lib_a-strncmp.o)
                              ./seekfree_peripheral/SEEKFREE_BLUETOOTH_CH9141.o (strncmp)
e:/mounriver/mounriver_studio/toolchain/risc-v embedded gcc/bin/../lib/gcc/riscv-none-embed/8.2.0/../../../../riscv-none-embed/lib/rv32imac/ilp32\libg_nano.a(lib_a-wbuf.o)
[...]
Memory Configuration

Name             Origin             Length             Attributes
FLASH            0x0000000000000000 0x0000000000010000 xr
RAM              0x0000000020000000 0x0000000000005000 xrw
*default*        0x0000000000000000 0xffffffffffffffff

Linker script and memory map

LOAD ./wch_Libraries/Startup/startup_ch32v10x.o
LOAD ./wch_Libraries/Peripheral/ch32v10x_adc.o
LOAD ./wch_Libraries/Peripheral/ch32v10x_bkp.o
LOAD ./wch_Libraries/Peripheral/ch32v10x_crc.o
LOAD ./wch_Libraries/Peripheral/ch32v10x_dbgmcu.o
LOAD ./wch_Libraries/Peripheral/ch32v10x_dma.o
LOAD ./wch_Libraries/Peripheral/ch32v10x_exti.o
LOAD ./wch_Libraries/Peripheral/ch32v10x_flash.o
LOAD ./wch_Libraries/Peripheral/ch32v10x_gpio.o
LOAD ./wch_Libraries/Peripheral/ch32v10x_i2c.o
LOAD ./wch_Libraries/Peripheral/ch32v10x_iwdg.o
LOAD ./wch_Libraries/Peripheral/ch32v10x_misc.o
LOAD ./wch_Libraries/Peripheral/ch32v10x_pwr.o
LOAD ./wch_Libraries/Peripheral/ch32v10x_rcc.o
LOAD ./wch_Libraries/Peripheral/ch32v10x_rtc.o
LOAD ./wch_Libraries/Peripheral/ch32v10x_spi.o
LOAD ./wch_Libraries/Peripheral/ch32v10x_tim.o
LOAD ./wch_Libraries/Peripheral/ch32v10x_usart.o
LOAD ./wch_Libraries/Peripheral/ch32v10x_usb.o
LOAD ./wch_Libraries/Peripheral/ch32v10x_usb_host.o
LOAD ./wch_Libraries/Peripheral/ch32v10x_wwdg.o
LOAD ./wch_Libraries/Core/core_riscv.o
LOAD ./seekfree_peripheral/SEEKFREE_18TFT.o
LOAD ./seekfree_peripheral/SEEKFREE_ABSOLUTE_ENCODER.o
LOAD ./seekfree_peripheral/SEEKFREE_BLUETOOTH_CH9141.o
LOAD ./seekfree_peripheral/SEEKFREE_FONT.o
LOAD ./seekfree_peripheral/SEEKFREE_ICM20602.o
LOAD ./seekfree_peripheral/SEEKFREE_IIC.o
LOAD ./seekfree_peripheral/SEEKFREE_IPS114_SPI.o
LOAD ./seekfree_peripheral/SEEKFREE_MPU6050.o
LOAD ./seekfree_peripheral/SEEKFREE_MT9V03X.o
LOAD ./seekfree_peripheral/SEEKFREE_OLED.o
LOAD ./seekfree_peripheral/SEEKFREE_PRINTF.o
LOAD ./seekfree_peripheral/SEEKFREE_TSL1401.o
LOAD ./seekfree_peripheral/SEEKFREE_UART_7725.o
LOAD ./seekfree_peripheral/SEEKFREE_VIRSCO.o
LOAD ./seekfree_peripheral/SEEKFREE_WIRELESS.o
LOAD ./seekfree_libraries/board.o
LOAD ./seekfree_libraries/clock_config.o
LOAD ./seekfree_libraries/common.o
LOAD ./seekfree_libraries/misc.o
LOAD ./seekfree_libraries/zf_adc.o
LOAD ./seekfree_libraries/zf_camera.o
LOAD ./seekfree_libraries/zf_flash.o
LOAD ./seekfree_libraries/zf_gpio.o
LOAD ./seekfree_libraries/zf_irq.o
LOAD ./seekfree_libraries/zf_nvic.o
LOAD ./seekfree_libraries/zf_pit.o
LOAD ./seekfree_libraries/zf_pwm.o
LOAD ./seekfree_libraries/zf_spi.o
LOAD ./seekfree_libraries/zf_systick.o
LOAD ./seekfree_libraries/zf_timer.o
LOAD ./seekfree_libraries/zf_uart.o
LOAD ./seekfree_libraries/zf_usb_cdc.o
LOAD ./USER/isr.o
LOAD ./USER/main.o
LOAD ./CODE/ADC_measure.o
LOAD ./CODE/ips_show.o
LOAD ./CODE/key_make.o
LOAD ./CODE/motor_PWM.o
LOAD ./CODE/timer_encoder.o
LOAD ./CODE/uart_showdate.o
LOAD e:/mounriver/mounriver_studio/toolchain/risc-v embedded gcc/bin/../lib/gcc/riscv-none-embed/8.2.0/../../../../riscv-none-embed/lib/rv32imac/ilp32\libm.a
LOAD e:/mounriver/mounriver_studio/toolchain/risc-v embedded gcc/bin/../lib/gcc/riscv-none-embed/8.2.0/rv32imac/ilp32\libgcc.a
LOAD e:/mounriver/mounriver_studio/toolchain/risc-v embedded gcc/bin/../lib/gcc/riscv-none-embed/8.2.0/../../../../riscv-none-embed/lib/rv32imac/ilp32\libg_nano.a
LOAD e:/mounriver/mounriver_studio/toolchain/risc-v embedded gcc/bin/../lib/gcc/riscv-none-embed/8.2.0/../../../../riscv-none-embed/lib/rv32imac/ilp32\libc_nano.a
LOAD e:/mounriver/mounriver_studio/toolchain/risc-v embedded gcc/bin/../lib/gcc/riscv-none-embed/8.2.0/rv32imac/ilp32\libgcc.a
START GROUP
LOAD e:/mounriver/mounriver_studio/toolchain/risc-v embedded gcc/bin/../lib/gcc/riscv-none-embed/8.2.0/rv32imac/ilp32\libgcc.a
LOAD e:/mounriver/mounriver_studio/toolchain/risc-v embedded gcc/bin/../lib/gcc/riscv-none-embed/8.2.0/../../../../riscv-none-embed/lib/rv32imac/ilp32\libc_nano.a
LOAD e:/mounriver/mounriver_studio/toolchain/risc-v embedded gcc/bin/../lib/gcc/riscv-none-embed/8.2.0/../../../../riscv-none-embed/lib/rv32imac/ilp32\libnosys.a
END GROUP
START GROUP
LOAD e:/mounriver/mounriver_studio/toolchain/risc-v embedded gcc/bin/../lib/gcc/riscv-none-embed/8.2.0/rv32imac/ilp32\libgcc.a
LOAD e:/mounriver/mounriver_studio/toolchain/risc-v embedded gcc/bin/../lib/gcc/riscv-none-embed/8.2.0/../../../../riscv-none-embed/lib/rv32imac/ilp32\libc_nano.a
LOAD e:/mounriver/mounriver_studio/toolchain/risc-v embedded gcc/bin/../lib/gcc/riscv-none-embed/8.2.0/../../../../riscv-none-embed/lib/rv32imac/ilp32\libnosys.a
END GROUP
                0x0000000000000800                __stack_size = 0x800
                [!provide]                        PROVIDE (_stack_size = __stack_size)

.init           0x0000000000000000       0x38
                0x0000000000000000                _sinit = .
                0x0000000000000000                . = ALIGN (0x4)
 *(SORT_NONE(.init))
 .init          0x0000000000000000       0x38 ./wch_Libraries/Startup/startup_ch32v10x.o
                0x0000000000000000                _start
                0x0000000000000038                . = ALIGN (0x4)
                0x0000000000000038                _einit = .

.vector         0x0000000000000038      0x108
 *(.vector)
 .vector        0x0000000000000038       0xf0 ./wch_Libraries/Startup/startup_ch32v10x.o
                0x0000000000000140                . = ALIGN (0x40)
 *fill*         0x0000000000000128       0x18 

.text           0x0000000000000140     0x7bc0
                0x0000000000000140                . = ALIGN (0x4)
 *(.text)
 .text          0x0000000000000140        0xc ./seekfree_libraries/zf_irq.o
                0x0000000000000140                interrupt_disable
                0x0000000000000146                interrupt_enable
 .text          0x000000000000014c       0xa8 e:/mounriver/mounriver_studio/toolchain/risc-v embedded gcc/bin/../lib/gcc/riscv-none-embed/8.2.0/../../../../riscv-none-embed/lib/rv32imac/ilp32\libg_nano.a(lib_a-memset.o)
                0x000000000000014c                memset
 *(.text.*)
 .text.handle_reset
                0x00000000000001f4       0x7e ./wch_Libraries/Startup/startup_ch32v10x.o
                0x00000000000001f4                handle_reset
 .text.ADC_DeInit
                0x0000000000000272       0x3a ./wch_Libraries/Peripheral/ch32v10x_adc.o
                0x0000000000000272                ADC_DeInit
 .text.ADC_Init
                0x00000000000002ac       0xf2 ./wch_Libraries/Peripheral/ch32v10x_adc.o
                0x00000000000002ac                ADC_Init
 .text.ADC_Cmd  0x000000000000039e       0x3e ./wch_Libraries/Peripheral/ch32v10x_adc.o
                0x000000000000039e                ADC_Cmd
 .text.ADC_ResetCalibration
                0x00000000000003dc       0x22 ./wch_Libraries/Peripheral/ch32v10x_adc.o
                0x00000000000003dc                ADC_ResetCalibration
 .text.ADC_GetResetCalibrationStatus
                0x00000000000003fe       0x30 ./wch_Libraries/Peripheral/ch32v10x_adc.o
                0x00000000000003fe                ADC_GetResetCalibrationStatus
 .text.ADC_StartCalibration
                0x000000000000042e       0x22 ./wch_Libraries/Peripheral/ch32v10x_adc.o
                0x000000000000042e                ADC_StartCalibration
 .text.ADC_GetCalibrationStatus
                0x0000000000000450       0x30 ./wch_Libraries/Peripheral/ch32v10x_adc.o
                0x0000000000000450                ADC_GetCalibrationStatus
 .text.ADC_RegularChannelConfig
                0x0000000000000480      0x248 ./wch_Libraries/Peripheral/ch32v10x_adc.o
                0x0000000000000480                ADC_RegularChannelConfig
 .text.DMA_GetFlagStatus
                0x00000000000006c8       0x5c ./wch_Libraries/Peripheral/ch32v10x_dma.o
                0x00000000000006c8                DMA_GetFlagStatus
 .text.DMA_ClearFlag
                0x0000000000000724       0x38 ./wch_Libraries/Peripheral/ch32v10x_dma.o
                0x0000000000000724                DMA_ClearFlag
 .text.EXTI_GetITStatus
                0x000000000000075c       0x56 ./wch_Libraries/Peripheral/ch32v10x_exti.o
                0x000000000000075c                EXTI_GetITStatus
 .text.EXTI_ClearITPendingBit
                0x00000000000007b2       0x20 ./wch_Libraries/Peripheral/ch32v10x_exti.o
                0x00000000000007b2                EXTI_ClearITPendingBit
 .text.GPIO_DeInit
                0x00000000000007d2       0xee ./wch_Libraries/Peripheral/ch32v10x_gpio.o
                0x00000000000007d2                GPIO_DeInit
 .text.GPIO_Init
                0x00000000000008c0      0x22a ./wch_Libraries/Peripheral/ch32v10x_gpio.o
                0x00000000000008c0                GPIO_Init
 .text.GPIO_WriteBit
                0x0000000000000aea       0x38 ./wch_Libraries/Peripheral/ch32v10x_gpio.o
                0x0000000000000aea                GPIO_WriteBit
 .text.GPIO_PinRemapConfig
                0x0000000000000b22      0x13c ./wch_Libraries/Peripheral/ch32v10x_gpio.o
                0x0000000000000b22                GPIO_PinRemapConfig
 .text.RCC_ADCCLKConfig
                0x0000000000000c5e       0x46 ./wch_Libraries/Peripheral/ch32v10x_rcc.o
                0x0000000000000c5e                RCC_ADCCLKConfig
 .text.RCC_GetClocksFreq
                0x0000000000000ca4      0x21a ./wch_Libraries/Peripheral/ch32v10x_rcc.o
                0x0000000000000ca4                RCC_GetClocksFreq
 .text.RCC_APB2PeriphClockCmd
                0x0000000000000ebe       0x46 ./wch_Libraries/Peripheral/ch32v10x_rcc.o
                0x0000000000000ebe                RCC_APB2PeriphClockCmd
 .text.RCC_APB1PeriphClockCmd
                0x0000000000000f04       0x46 ./wch_Libraries/Peripheral/ch32v10x_rcc.o
                0x0000000000000f04                RCC_APB1PeriphClockCmd
 .text.RCC_APB2PeriphResetCmd
                0x0000000000000f4a       0x46 ./wch_Libraries/Peripheral/ch32v10x_rcc.o
                0x0000000000000f4a                RCC_APB2PeriphResetCmd
 .text.SPI_Init
                0x0000000000000f90       0xf8 ./wch_Libraries/Peripheral/ch32v10x_spi.o
                0x0000000000000f90                SPI_Init
 .text.SPI_Cmd  0x0000000000001088       0x5a ./wch_Libraries/Peripheral/ch32v10x_spi.o
                0x0000000000001088                SPI_Cmd
 .text.TIM_TimeBaseInit
                0x00000000000010e2       0xfa ./wch_Libraries/Peripheral/ch32v10x_tim.o
                0x00000000000010e2                TIM_TimeBaseInit
 .text.TIM_OC1Init
                0x00000000000011dc      0x170 ./wch_Libraries/Peripheral/ch32v10x_tim.o
                0x00000000000011dc                TIM_OC1Init
 .text.TIM_OC2Init
                0x000000000000134c      0x1b6 ./wch_Libraries/Peripheral/ch32v10x_tim.o
                0x000000000000134c                TIM_OC2Init
 .text.TIM_OC3Init
                0x0000000000001502      0x1b0 ./wch_Libraries/Peripheral/ch32v10x_tim.o
                0x0000000000001502                TIM_OC3Init
 .text.TIM_OC4Init
                0x00000000000016b2      0x14a ./wch_Libraries/Peripheral/ch32v10x_tim.o
                0x00000000000016b2                TIM_OC4Init
 .text.TIM_TimeBaseStructInit
                0x00000000000017fc       0x3c ./wch_Libraries/Peripheral/ch32v10x_tim.o
                0x00000000000017fc                TIM_TimeBaseStructInit
 .text.TIM_Cmd  0x0000000000001838       0x58 ./wch_Libraries/Peripheral/ch32v10x_tim.o
                0x0000000000001838                TIM_Cmd
 .text.TIM_CtrlPWMOutputs
                0x0000000000001890       0x60 ./wch_Libraries/Peripheral/ch32v10x_tim.o
                0x0000000000001890                TIM_CtrlPWMOutputs
 .text.TIM_EncoderInterfaceConfig
                0x00000000000018f0       0xd8 ./wch_Libraries/Peripheral/ch32v10x_tim.o
                0x00000000000018f0                TIM_EncoderInterfaceConfig
 .text.TIM_OC1PreloadConfig
                0x00000000000019c8       0x4c ./wch_Libraries/Peripheral/ch32v10x_tim.o
                0x00000000000019c8                TIM_OC1PreloadConfig
 .text.TIM_OC2PreloadConfig
                0x0000000000001a14       0x5a ./wch_Libraries/Peripheral/ch32v10x_tim.o
                0x0000000000001a14                TIM_OC2PreloadConfig
 .text.TIM_OC3PreloadConfig
                0x0000000000001a6e       0x4c ./wch_Libraries/Peripheral/ch32v10x_tim.o
                0x0000000000001a6e                TIM_OC3PreloadConfig
 .text.TIM_OC4PreloadConfig
                0x0000000000001aba       0x5a ./wch_Libraries/Peripheral/ch32v10x_tim.o
                0x0000000000001aba                TIM_OC4PreloadConfig
 .text.TIM_OC1FastConfig
                0x0000000000001b14       0x4c ./wch_Libraries/Peripheral/ch32v10x_tim.o
                0x0000000000001b14                TIM_OC1FastConfig
 .text.TIM_OC2FastConfig
                0x0000000000001b60       0x56 ./wch_Libraries/Peripheral/ch32v10x_tim.o
                0x0000000000001b60                TIM_OC2FastConfig
 .text.TIM_OC3FastConfig
                0x0000000000001bb6       0x4c ./wch_Libraries/Peripheral/ch32v10x_tim.o
                0x0000000000001bb6                TIM_OC3FastConfig
 .text.TIM_OC4FastConfig
                0x0000000000001c02       0x56 ./wch_Libraries/Peripheral/ch32v10x_tim.o
                0x0000000000001c02                TIM_OC4FastConfig
 .text.TIM_GetITStatus
                0x0000000000001c58       0x70 ./wch_Libraries/Peripheral/ch32v10x_tim.o
                0x0000000000001c58                TIM_GetITStatus
 .text.TIM_ClearITPendingBit
                0x0000000000001cc8       0x2e ./wch_Libraries/Peripheral/ch32v10x_tim.o
                0x0000000000001cc8                TIM_ClearITPendingBit
 .text.USART_Init
                0x0000000000001cf6      0x234 ./wch_Libraries/Peripheral/ch32v10x_usart.o
                0x0000000000001cf6                USART_Init
 .text.USART_Cmd
                0x0000000000001f2a       0x60 ./wch_Libraries/Peripheral/ch32v10x_usart.o
                0x0000000000001f2a                USART_Cmd
 .text.USART_SendData
                0x0000000000001f8a       0x2e ./wch_Libraries/Peripheral/ch32v10x_usart.o
                0x0000000000001f8a                USART_SendData
 .text.USART_GetFlagStatus
                0x0000000000001fb8       0x46 ./wch_Libraries/Peripheral/ch32v10x_usart.o
                0x0000000000001fb8                USART_GetFlagStatus
 .text.USART_GetITStatus
                0x0000000000001ffe      0x102 ./wch_Libraries/Peripheral/ch32v10x_usart.o
                0x0000000000001ffe                USART_GetITStatus
 .text.USART_ClearITPendingBit
                0x0000000000002100       0x4e ./wch_Libraries/Peripheral/ch32v10x_usart.o
                0x0000000000002100                USART_ClearITPendingBit
 .text.bluetooth_ch9141_uart_callback
                0x000000000000214e       0x96 ./seekfree_peripheral/SEEKFREE_BLUETOOTH_CH9141.o
                0x000000000000214e                bluetooth_ch9141_uart_callback
 .text.bluetooth_ch9141_check_response
                0x00000000000021e4       0x4a ./seekfree_peripheral/SEEKFREE_BLUETOOTH_CH9141.o
                0x00000000000021e4                bluetooth_ch9141_check_response
 .text.ips114_writeIndex
                0x000000000000222e       0x52 ./seekfree_peripheral/SEEKFREE_IPS114_SPI.o
                0x000000000000222e                ips114_writeIndex
 .text.ips114_writeData
                0x0000000000002280       0x52 ./seekfree_peripheral/SEEKFREE_IPS114_SPI.o
                0x0000000000002280                ips114_writeData
 .text.ips114_writedata_16bit
                0x00000000000022d2       0x70 ./seekfree_peripheral/SEEKFREE_IPS114_SPI.o
                0x00000000000022d2                ips114_writedata_16bit
 .text.ips114_init
                0x0000000000002342      0x260 ./seekfree_peripheral/SEEKFREE_IPS114_SPI.o
                0x0000000000002342                ips114_init
 .text.ips114_set_region
                0x00000000000025a2       0x7e ./seekfree_peripheral/SEEKFREE_IPS114_SPI.o
                0x00000000000025a2                ips114_set_region
 .text.ips114_clear
                0x0000000000002620       0x66 ./seekfree_peripheral/SEEKFREE_IPS114_SPI.o
                0x0000000000002620                ips114_clear
 .text.ips114_showchar
                0x0000000000002686       0xe2 ./seekfree_peripheral/SEEKFREE_IPS114_SPI.o
                0x0000000000002686                ips114_showchar
 .text.ips114_showstr
                0x0000000000002768       0x7c ./seekfree_peripheral/SEEKFREE_IPS114_SPI.o
                0x0000000000002768                ips114_showstr
 .text.ips114_showint16
                0x00000000000027e4      0x176 ./seekfree_peripheral/SEEKFREE_IPS114_SPI.o
                0x00000000000027e4                ips114_showint16
 .text.mt9v03x_uart_callback
                0x000000000000295a       0x70 ./seekfree_peripheral/SEEKFREE_MT9V03X.o
                0x000000000000295a                mt9v03x_uart_callback
 .text.mt9v03x_vsync
                0x00000000000029ca       0x5c ./seekfree_peripheral/SEEKFREE_MT9V03X.o
                0x00000000000029ca                mt9v03x_vsync
 .text.mt9v03x_dma
                0x0000000000002a26       0x56 ./seekfree_peripheral/SEEKFREE_MT9V03X.o
                0x0000000000002a26                mt9v03x_dma
 .text.ov7725_cof_uart_interrupt
                0x0000000000002a7c       0x70 ./seekfree_peripheral/SEEKFREE_UART_7725.o
                0x0000000000002a7c                ov7725_cof_uart_interrupt
 .text.ov7725_uart_vsync
                0x0000000000002aec       0x5c ./seekfree_peripheral/SEEKFREE_UART_7725.o
                0x0000000000002aec                ov7725_uart_vsync
 .text.ov7725_uart_dma
                0x0000000000002b48       0x56 ./seekfree_peripheral/SEEKFREE_UART_7725.o
                0x0000000000002b48                ov7725_uart_dma
 .text.wireless_uart_callback
                0x0000000000002b9e       0x26 ./seekfree_peripheral/SEEKFREE_WIRELESS.o
                0x0000000000002b9e                wireless_uart_callback
 .text.board_init
                0x0000000000002bc4       0x74 ./seekfree_libraries/board.o
                0x0000000000002bc4                board_init
 .text._write   0x0000000000002c38       0x78 ./seekfree_libraries/board.o
                0x0000000000002c38                _write
 .text.SetSysClock
                0x0000000000002cb0      0x140 ./seekfree_libraries/clock_config.o
 .text.SystemInit
                0x0000000000002df0       0x7c ./seekfree_libraries/clock_config.o
                0x0000000000002df0                SystemInit
 .text.adc_gpio_init
                0x0000000000002e6c      0x180 ./seekfree_libraries/zf_adc.o
                0x0000000000002e6c                adc_gpio_init
 .text.adc_init
                0x0000000000002fec       0xca ./seekfree_libraries/zf_adc.o
                0x0000000000002fec                adc_init
 .text.adc_convert
                0x00000000000030b6       0x74 ./seekfree_libraries/zf_adc.o
                0x00000000000030b6                adc_convert
 .text.gpio_init
                0x000000000000312a      0x1a4 ./seekfree_libraries/zf_gpio.o
                0x000000000000312a                gpio_init
 .text.gpio_set
                0x00000000000032ce       0x7e ./seekfree_libraries/zf_gpio.o
                0x00000000000032ce                gpio_set
 .text.gpio_get
                0x000000000000334c       0x56 ./seekfree_libraries/zf_gpio.o
                0x000000000000334c                gpio_get
 .text.DisableGlobalIRQ
                0x00000000000033a2       0x18 ./seekfree_libraries/zf_nvic.o
                0x00000000000033a2                DisableGlobalIRQ
 .text.EnableGlobalIRQ
                0x00000000000033ba       0x26 ./seekfree_libraries/zf_nvic.o
                0x00000000000033ba                EnableGlobalIRQ
 .text.timer_pwm_gpio_init
                0x00000000000033e0      0x364 ./seekfree_libraries/zf_pwm.o
                0x00000000000033e0                timer_pwm_gpio_init
 .text.timer_pwm_init
                0x0000000000003744      0x3c4 ./seekfree_libraries/zf_pwm.o
                0x0000000000003744                timer_pwm_init
 .text.timer_pwm_duty
                0x0000000000003b08       0xf2 ./seekfree_libraries/zf_pwm.o
                0x0000000000003b08                timer_pwm_duty
 .text.spi_gpio_init
                0x0000000000003bfa      0x18e ./seekfree_libraries/zf_spi.o
                0x0000000000003bfa                spi_gpio_init
 .text.spi_init
                0x0000000000003d88      0x138 ./seekfree_libraries/zf_spi.o
                0x0000000000003d88                spi_init
 .text.spi_mosi
                0x0000000000003ec0       0xc2 ./seekfree_libraries/zf_spi.o
                0x0000000000003ec0                spi_mosi
 .text.systick_delay
                0x0000000000003f82       0x94 ./seekfree_libraries/zf_systick.o
                0x0000000000003f82                systick_delay
 .text.timer_gpio_quad_init
                0x0000000000004016      0x170 ./seekfree_libraries/zf_timer.o
                0x0000000000004016                timer_gpio_quad_init
 .text.timer_quad_init
                0x0000000000004186      0x15c ./seekfree_libraries/zf_timer.o
                0x0000000000004186                timer_quad_init
 .text.timer_quad_get
                0x00000000000042e2       0x2e ./seekfree_libraries/zf_timer.o
                0x00000000000042e2                timer_quad_get
 .text.timer_quad_clear
                0x0000000000004310       0x26 ./seekfree_libraries/zf_timer.o
                0x0000000000004310                timer_quad_clear
 .text.uart_gpio_init
                0x0000000000004336       0xec ./seekfree_libraries/zf_uart.o
                0x0000000000004336                uart_gpio_init
 .text.uart_init
                0x0000000000004422      0x104 ./seekfree_libraries/zf_uart.o
                0x0000000000004422                uart_init
 .text.uart_putchar
                0x0000000000004526       0x56 ./seekfree_libraries/zf_uart.o
                0x0000000000004526                uart_putchar
 .text.USB_DevTransProcess
                0x000000000000457c      0xa72 ./seekfree_libraries/zf_usb_cdc.o
                0x000000000000457c                USB_DevTransProcess
 .text.USBHD_IRQHandler
                0x0000000000004fee       0x14 ./seekfree_libraries/zf_usb_cdc.o
                0x0000000000004fee                USBHD_IRQHandler
 .text.EXTI0_IRQHandler
                0x0000000000005002       0x24 ./USER/isr.o
                0x0000000000005002                EXTI0_IRQHandler
 .text.EXTI1_IRQHandler
                0x0000000000005026       0x42 ./USER/isr.o
                0x0000000000005026                EXTI1_IRQHandler
 .text.EXTI2_IRQHandler
                0x0000000000005068       0x24 ./USER/isr.o
                0x0000000000005068                EXTI2_IRQHandler
 .text.EXTI3_IRQHandler
                0x000000000000508c       0x24 ./USER/isr.o
                0x000000000000508c                EXTI3_IRQHandler
 .text.EXTI4_IRQHandler
                0x00000000000050b0       0x24 ./USER/isr.o
                0x00000000000050b0                EXTI4_IRQHandler
 .text.EXTI9_5_IRQHandler
                0x00000000000050d4       0x90 ./USER/isr.o
                0x00000000000050d4                EXTI9_5_IRQHandler
 .text.EXTI15_10_IRQHandler
                0x0000000000005164       0x9e ./USER/isr.o
                0x0000000000005164                EXTI15_10_IRQHandler
 .text.ADC1_2_IRQHandler
                0x0000000000005202       0x10 ./USER/isr.o
                0x0000000000005202                ADC1_2_IRQHandler
 .text.TIM1_BRK_IRQHandler
                0x0000000000005212       0x34 ./USER/isr.o
                0x0000000000005212                TIM1_BRK_IRQHandler
 .text.TIM1_UP_IRQHandler
                0x0000000000005246       0x30 ./USER/isr.o
                0x0000000000005246                TIM1_UP_IRQHandler
 .text.TIM1_TRG_COM_IRQHandler
                0x0000000000005276       0x58 ./USER/isr.o
                0x0000000000005276                TIM1_TRG_COM_IRQHandler
 .text.TIM1_CC_IRQHandler
                0x00000000000052ce       0x90 ./USER/isr.o
                0x00000000000052ce                TIM1_CC_IRQHandler
 .text.TIM2_IRQHandler
                0x000000000000535e       0x28 ./USER/isr.o
                0x000000000000535e                TIM2_IRQHandler
 .text.TIM3_IRQHandler
                0x0000000000005386       0x30 ./USER/isr.o
                0x0000000000005386                TIM3_IRQHandler
 .text.TIM4_IRQHandler
                0x00000000000053b6       0x30 ./USER/isr.o
                0x00000000000053b6                TIM4_IRQHandler
 .text.USART1_IRQHandler
                0x00000000000053e6       0x52 ./USER/isr.o
                0x00000000000053e6                USART1_IRQHandler
 .text.USART2_IRQHandler
                0x0000000000005438       0x52 ./USER/isr.o
                0x0000000000005438                USART2_IRQHandler
 .text.USART3_IRQHandler
                0x000000000000548a       0x34 ./USER/isr.o
                0x000000000000548a                USART3_IRQHandler
 .text.DMA1_Channel4_IRQHandler
                0x00000000000054be       0x42 ./USER/isr.o
                0x00000000000054be                DMA1_Channel4_IRQHandler
 .text.NMI_Handler
                0x0000000000005500       0x10 ./USER/isr.o
                0x0000000000005500                NMI_Handler
 .text.HardFault_Handler
                0x0000000000005510        0x8 ./USER/isr.o
                0x0000000000005510                HardFault_Handler
 .text.main     0x0000000000005518      0x152 ./USER/main.o
                0x0000000000005518                main
 .text.ADC_init
                0x000000000000566a       0x1e ./CODE/ADC_measure.o
                0x000000000000566a                ADC_init
 .text.ADC_get  0x0000000000005688       0x32 ./CODE/ADC_measure.o
                0x0000000000005688                ADC_get
 .text.ips_init
                0x00000000000056ba       0x16 ./CODE/ips_show.o
                0x00000000000056ba                ips_init
 .text.ips_show_date
                0x00000000000056d0       0x3e ./CODE/ips_show.o
                0x00000000000056d0                ips_show_date
 .text.ips_show_string
                0x000000000000570e       0x38 ./CODE/ips_show.o
                0x000000000000570e                ips_show_string
 .text.ips_show_clear
                0x0000000000005746       0x22 ./CODE/ips_show.o
                0x0000000000005746                ips_show_clear
 .text.key_init
                0x0000000000005768       0x26 ./CODE/key_make.o
                0x0000000000005768                key_init
 .text.key_get  0x000000000000578e       0x2a ./CODE/key_make.o
                0x000000000000578e                key_get
 .text.key_start
                0x00000000000057b8       0xb6 ./CODE/key_make.o
                0x00000000000057b8                key_start
 .text.motor_enable_init
                0x000000000000586e       0x76 ./CODE/motor_PWM.o
                0x000000000000586e                motor_enable_init
 .text.PWM_init
                0x00000000000058e4       0x42 ./CODE/motor_PWM.o
                0x00000000000058e4                PWM_init
 .text.set_PWM_motor
                0x0000000000005926       0x58 ./CODE/motor_PWM.o
                0x0000000000005926                set_PWM_motor
 .text.encoder_init
                0x000000000000597e       0x2e ./CODE/timer_encoder.o
                0x000000000000597e                encoder_init
 .text.encoder_get
                0x00000000000059ac       0x32 ./CODE/timer_encoder.o
                0x00000000000059ac                encoder_get
 .text.uart_show_date
                0x00000000000059de       0x6c ./CODE/uart_showdate.o
                0x00000000000059de                uart_show_date
 .text.uart_show_string
                0x0000000000005a4a       0x40 ./CODE/uart_showdate.o
                0x0000000000005a4a                uart_show_string
 .text.__assert_func
                0x0000000000005a8a       0x3a e:/mounriver/mounriver_studio/toolchain/risc-v embedded gcc/bin/../lib/gcc/riscv-none-embed/8.2.0/../../../../riscv-none-embed/lib/rv32imac/ilp32\libg_nano.a(lib_a-assert.o)
                0x0000000000005a8a                __assert_func
 .text.fprintf  0x0000000000005ac4       0x26 e:/mounriver/mounriver_studio/toolchain/risc-v embedded gcc/bin/../lib/gcc/riscv-none-embed/8.2.0/../../../../riscv-none-embed/lib/rv32imac/ilp32\libg_nano.a(lib_a-fprintf.o)
                0x0000000000005ac4                fiprintf
                0x0000000000005ac4                fprintf
 .text.memcpy   0x0000000000005aea       0xb6 e:/mounriver/mounriver_studio/toolchain/risc-v embedded gcc/bin/../lib/gcc/riscv-none-embed/8.2.0/../../../../riscv-none-embed/lib/rv32imac/ilp32\libg_nano.a(lib_a-memcpy.o)
                0x0000000000005aea                memcpy
 .text.__sfputc_r
                0x0000000000005ba0       0x28 e:/mounriver/mounriver_studio/toolchain/risc-v embedded gcc/bin/../lib/gcc/riscv-none-embed/8.2.0/../../../../riscv-none-embed/lib/rv32imac/ilp32\libg_nano.a(lib_a-nano-vfprintf.o)
 .text.__sfputs_r
                0x0000000000005bc8       0x44 e:/mounriver/mounriver_studio/toolchain/risc-v embedded gcc/bin/../lib/gcc/riscv-none-embed/8.2.0/../../../../riscv-none-embed/lib/rv32imac/ilp32\libg_nano.a(lib_a-nano-vfprintf.o)
                0x0000000000005bc8                __sfputs_r
 .text._vfprintf_r
                0x0000000000005c0c      0x2a0 e:/mounriver/mounriver_studio/toolchain/risc-v embedded gcc/bin/../lib/gcc/riscv-none-embed/8.2.0/../../../../riscv-none-embed/lib/rv32imac/ilp32\libg_nano.a(lib_a-nano-vfprintf.o)
                0x0000000000005c0c                _vfprintf_r
                0x0000000000005c0c                _vfiprintf_r
 .text._printf_common
                0x0000000000005eac      0x10c e:/mounriver/mounriver_studio/toolchain/risc-v embedded gcc/bin/../lib/gcc/riscv-none-embed/8.2.0/../../../../riscv-none-embed/lib/rv32imac/ilp32\libg_nano.a(lib_a-nano-vfprintf_i.o)
                0x0000000000005eac                _printf_common
 .text._printf_i
                0x0000000000005fb8      0x2ac e:/mounriver/mounriver_studio/toolchain/risc-v embedded gcc/bin/../lib/gcc/riscv-none-embed/8.2.0/../../../../riscv-none-embed/lib/rv32imac/ilp32\libg_nano.a(lib_a-nano-vfprintf_i.o)
                0x0000000000005fb8                _printf_i
 .text.snprintf
                0x0000000000006264       0x70 e:/mounriver/mounriver_studio/toolchain/risc-v embedded gcc/bin/../lib/gcc/riscv-none-embed/8.2.0/../../../../riscv-none-embed/lib/rv32imac/ilp32\libg_nano.a(lib_a-snprintf.o)
                0x0000000000006264                sniprintf
                0x0000000000006264                snprintf
 .text.strncmp  0x00000000000062d4       0x2c e:/mounriver/mounriver_studio/toolchain/risc-v embedded gcc/bin/../lib/gcc/riscv-none-embed/8.2.0/../../../../riscv-none-embed/lib/rv32imac/ilp32\libg_nano.a(lib_a-strncmp.o)
                0x00000000000062d4                strncmp
 .text.__swbuf_r
                0x0000000000006300       0xc0 e:/mounriver/mounriver_studio/toolchain/risc-v embedded gcc/bin/../lib/gcc/riscv-none-embed/8.2.0/../../../../riscv-none-embed/lib/rv32imac/ilp32\libg_nano.a(lib_a-wbuf.o)
                0x0000000000006300                __swbuf_r
 .text.__swsetup_r
                0x00000000000063c0      0x10c e:/mounriver/mounriver_studio/toolchain/risc-v embedded gcc/bin/../lib/gcc/riscv-none-embed/8.2.0/../../../../riscv-none-embed/lib/rv32imac/ilp32\libg_nano.a(lib_a-wsetup.o)
                0x00000000000063c0                __swsetup_r
 .text.abort    0x00000000000064cc       0x10 e:/mounriver/mounriver_studio/toolchain/risc-v embedded gcc/bin/../lib/gcc/riscv-none-embed/8.2.0/../../../../riscv-none-embed/lib/rv32imac/ilp32\libg_nano.a(lib_a-abort.o)
                0x00000000000064cc                abort
 .text.__sflush_r
                0x00000000000064dc      0x13c e:/mounriver/mounriver_studio/toolchain/risc-v embedded gcc/bin/../lib/gcc/riscv-none-embed/8.2.0/../../../../riscv-none-embed/lib/rv32imac/ilp32\libg_nano.a(lib_a-fflush.o)
                0x00000000000064dc                __sflush_r
 .text._fflush_r
                0x0000000000006618       0x66 e:/mounriver/mounriver_studio/toolchain/risc-v embedded gcc/bin/../lib/gcc/riscv-none-embed/8.2.0/../../../../riscv-none-embed/lib/rv32imac/ilp32\libg_nano.a(lib_a-fflush.o)
                0x0000000000006618                _fflush_r
 .text.std      0x000000000000667e       0x6a e:/mounriver/mounriver_studio/toolchain/risc-v embedded gcc/bin/../lib/gcc/riscv-none-embed/8.2.0/../../../../riscv-none-embed/lib/rv32imac/ilp32\libg_nano.a(lib_a-findfp.o)
 .text._cleanup_r
                0x00000000000066e8        0xa e:/mounriver/mounriver_studio/toolchain/risc-v embedded gcc/bin/../lib/gcc/riscv-none-embed/8.2.0/../../../../riscv-none-embed/lib/rv32imac/ilp32\libg_nano.a(lib_a-findfp.o)
                0x00000000000066e8                _cleanup_r
 .text.__sfmoreglue
                0x00000000000066f2       0x46 e:/mounriver/mounriver_studio/toolchain/risc-v embedded gcc/bin/../lib/gcc/riscv-none-embed/8.2.0/../../../../riscv-none-embed/lib/rv32imac/ilp32\libg_nano.a(lib_a-findfp.o)
                0x00000000000066f2                __sfmoreglue
 .text.__sinit  0x0000000000006738       0x6c e:/mounriver/mounriver_studio/toolchain/risc-v embedded gcc/bin/../lib/gcc/riscv-none-embed/8.2.0/../../../../riscv-none-embed/lib/rv32imac/ilp32\libg_nano.a(lib_a-findfp.o)
                0x0000000000006738                __sinit
 .text.__sfp    0x00000000000067a4       0xa0 e:/mounriver/mounriver_studio/toolchain/risc-v embedded gcc/bin/../lib/gcc/riscv-none-embed/8.2.0/../../../../riscv-none-embed/lib/rv32imac/ilp32\libg_nano.a(lib_a-findfp.o)
                0x00000000000067a4                __sfp
 .text._fwalk_reent
                0x0000000000006844       0x6c e:/mounriver/mounriver_studio/toolchain/risc-v embedded gcc/bin/../lib/gcc/riscv-none-embed/8.2.0/../../../../riscv-none-embed/lib/rv32imac/ilp32\libg_nano.a(lib_a-fwalk.o)
                0x0000000000006844                _fwalk_reent
 .text.__swhatbuf_r
                0x00000000000068b0       0x5a e:/mounriver/mounriver_studio/toolchain/risc-v embedded gcc/bin/../lib/gcc/riscv-none-embed/8.2.0/../../../../riscv-none-embed/lib/rv32imac/ilp32\libg_nano.a(lib_a-makebuf.o)
                0x00000000000068b0                __swhatbuf_r
 .text.__smakebuf_r
                0x000000000000690a       0xa0 e:/mounriver/mounriver_studio/toolchain/risc-v embedded gcc/bin/../lib/gcc/riscv-none-embed/8.2.0/../../../../riscv-none-embed/lib/rv32imac/ilp32\libg_nano.a(lib_a-makebuf.o)
                0x000000000000690a                __smakebuf_r
 .text.memchr   0x00000000000069aa       0x1a e:/mounriver/mounriver_studio/toolchain/risc-v embedded gcc/bin/../lib/gcc/riscv-none-embed/8.2.0/../../../../riscv-none-embed/lib/rv32imac/ilp32\libg_nano.a(lib_a-memchr.o)
                0x00000000000069aa                memchr
 .text.memmove  0x00000000000069c4       0x4a e:/mounriver/mounriver_studio/toolchain/risc-v embedded gcc/bin/../lib/gcc/riscv-none-embed/8.2.0/../../../../riscv-none-embed/lib/rv32imac/ilp32\libg_nano.a(lib_a-memmove.o)
                0x00000000000069c4                memmove
 .text._free_r  0x0000000000006a0e       0xa8 e:/mounriver/mounriver_studio/toolchain/risc-v embedded gcc/bin/../lib/gcc/riscv-none-embed/8.2.0/../../../../riscv-none-embed/lib/rv32imac/ilp32\libg_nano.a(lib_a-nano-freer.o)
                0x0000000000006a0e                _free_r
 .text._malloc_r
                0x0000000000006ab6       0xce e:/mounriver/mounriver_studio/toolchain/risc-v embedded gcc/bin/../lib/gcc/riscv-none-embed/8.2.0/../../../../riscv-none-embed/lib/rv32imac/ilp32\libg_nano.a(lib_a-nano-mallocr.o)
                0x0000000000006ab6                _malloc_r
 .text._realloc_r
                0x0000000000006b84       0x58 e:/mounriver/mounriver_studio/toolchain/risc-v embedded gcc/bin/../lib/gcc/riscv-none-embed/8.2.0/../../../../riscv-none-embed/lib/rv32imac/ilp32\libg_nano.a(lib_a-nano-reallocr.o)
                0x0000000000006b84                _realloc_r
 .text.__ssputs_r
                0x0000000000006bdc       0xee e:/mounriver/mounriver_studio/toolchain/risc-v embedded gcc/bin/../lib/gcc/riscv-none-embed/8.2.0/../../../../riscv-none-embed/lib/rv32imac/ilp32\libg_nano.a(lib_a-nano-svfprintf.o)
                0x0000000000006bdc                __ssputs_r
 .text._svfprintf_r
                0x0000000000006cca      0x282 e:/mounriver/mounriver_studio/toolchain/risc-v embedded gcc/bin/../lib/gcc/riscv-none-embed/8.2.0/../../../../riscv-none-embed/lib/rv32imac/ilp32\libg_nano.a(lib_a-nano-svfprintf.o)
                0x0000000000006cca                _svfiprintf_r
                0x0000000000006cca                _svfprintf_r
 .text._sbrk_r  0x0000000000006f4c       0x28 e:/mounriver/mounriver_studio/toolchain/risc-v embedded gcc/bin/../lib/gcc/riscv-none-embed/8.2.0/../../../../riscv-none-embed/lib/rv32imac/ilp32\libg_nano.a(lib_a-sbrkr.o)
                0x0000000000006f4c                _sbrk_r
 .text._raise_r
                0x0000000000006f74       0x62 e:/mounriver/mounriver_studio/toolchain/risc-v embedded gcc/bin/../lib/gcc/riscv-none-embed/8.2.0/../../../../riscv-none-embed/lib/rv32imac/ilp32\libg_nano.a(lib_a-signal.o)
                0x0000000000006f74                _raise_r
 .text.raise    0x0000000000006fd6        0xc e:/mounriver/mounriver_studio/toolchain/risc-v embedded gcc/bin/../lib/gcc/riscv-none-embed/8.2.0/../../../../riscv-none-embed/lib/rv32imac/ilp32\libg_nano.a(lib_a-signal.o)
                0x0000000000006fd6                raise
 .text._kill_r  0x0000000000006fe2       0x2a e:/mounriver/mounriver_studio/toolchain/risc-v embedded gcc/bin/../lib/gcc/riscv-none-embed/8.2.0/../../../../riscv-none-embed/lib/rv32imac/ilp32\libg_nano.a(lib_a-signalr.o)
                0x0000000000006fe2                _kill_r
 .text._getpid_r
                0x000000000000700c        0x2 e:/mounriver/mounriver_studio/toolchain/risc-v embedded gcc/bin/../lib/gcc/riscv-none-embed/8.2.0/../../../../riscv-none-embed/lib/rv32imac/ilp32\libg_nano.a(lib_a-signalr.o)
                0x000000000000700c                _getpid_r
 .text.__sread  0x000000000000700e       0x30 e:/mounriver/mounriver_studio/toolchain/risc-v embedded gcc/bin/../lib/gcc/riscv-none-embed/8.2.0/../../../../riscv-none-embed/lib/rv32imac/ilp32\libg_nano.a(lib_a-stdio.o)
                0x000000000000700e                __sread
 .text.__swrite
                0x000000000000703e       0x4e e:/mounriver/mounriver_studio/toolchain/risc-v embedded gcc/bin/../lib/gcc/riscv-none-embed/8.2.0/../../../../riscv-none-embed/lib/rv32imac/ilp32\libg_nano.a(lib_a-stdio.o)
                0x000000000000703e                __swrite
 .text.__sseek  0x000000000000708c       0x36 e:/mounriver/mounriver_studio/toolchain/risc-v embedded gcc/bin/../lib/gcc/riscv-none-embed/8.2.0/../../../../riscv-none-embed/lib/rv32imac/ilp32\libg_nano.a(lib_a-stdio.o)
                0x000000000000708c                __sseek
 .text.__sclose
                0x00000000000070c2        0x6 e:/mounriver/mounriver_studio/toolchain/risc-v embedded gcc/bin/../lib/gcc/riscv-none-embed/8.2.0/../../../../riscv-none-embed/lib/rv32imac/ilp32\libg_nano.a(lib_a-stdio.o)
                0x00000000000070c2                __sclose
 .text._write_r
                0x00000000000070c8       0x2e e:/mounriver/mounriver_studio/toolchain/risc-v embedded gcc/bin/../lib/gcc/riscv-none-embed/8.2.0/../../../../riscv-none-embed/lib/rv32imac/ilp32\libg_nano.a(lib_a-writer.o)
                0x00000000000070c8                _write_r
 .text._close_r
                0x00000000000070f6       0x28 e:/mounriver/mounriver_studio/toolchain/risc-v embedded gcc/bin/../lib/gcc/riscv-none-embed/8.2.0/../../../../riscv-none-embed/lib/rv32imac/ilp32\libg_nano.a(lib_a-closer.o)
                0x00000000000070f6                _close_r
 .text._fstat_r
                0x000000000000711e       0x2a e:/mounriver/mounriver_studio/toolchain/risc-v embedded gcc/bin/../lib/gcc/riscv-none-embed/8.2.0/../../../../riscv-none-embed/lib/rv32imac/ilp32\libg_nano.a(lib_a-fstatr.o)
                0x000000000000711e                _fstat_r
 .text._isatty_r
                0x0000000000007148       0x28 e:/mounriver/mounriver_studio/toolchain/risc-v embedded gcc/bin/../lib/gcc/riscv-none-embed/8.2.0/../../../../riscv-none-embed/lib/rv32imac/ilp32\libg_nano.a(lib_a-isattyr.o)
                0x0000000000007148                _isatty_r
 .text._lseek_r
                0x0000000000007170       0x2c e:/mounriver/mounriver_studio/toolchain/risc-v embedded gcc/bin/../lib/gcc/riscv-none-embed/8.2.0/../../../../riscv-none-embed/lib/rv32imac/ilp32\libg_nano.a(lib_a-lseekr.o)
                0x0000000000007170                _lseek_r
 .text.__malloc_lock
                0x000000000000719c        0x2 e:/mounriver/mounriver_studio/toolchain/risc-v embedded gcc/bin/../lib/gcc/riscv-none-embed/8.2.0/../../../../riscv-none-embed/lib/rv32imac/ilp32\libg_nano.a(lib_a-mlock.o)
                0x000000000000719c                __malloc_lock
 .text.__malloc_unlock
                0x000000000000719e        0x2 e:/mounriver/mounriver_studio/toolchain/risc-v embedded gcc/bin/../lib/gcc/riscv-none-embed/8.2.0/../../../../riscv-none-embed/lib/rv32imac/ilp32\libg_nano.a(lib_a-mlock.o)
                0x000000000000719e                __malloc_unlock
 .text._malloc_usable_size_r
                0x00000000000071a0       0x14 e:/mounriver/mounriver_studio/toolchain/risc-v embedded gcc/bin/../lib/gcc/riscv-none-embed/8.2.0/../../../../riscv-none-embed/lib/rv32imac/ilp32\libg_nano.a(lib_a-nano-msizer.o)
                0x00000000000071a0                _malloc_usable_size_r
 .text._read_r  0x00000000000071b4       0x2c e:/mounriver/mounriver_studio/toolchain/risc-v embedded gcc/bin/../lib/gcc/riscv-none-embed/8.2.0/../../../../riscv-none-embed/lib/rv32imac/ilp32\libg_nano.a(lib_a-readr.o)
                0x00000000000071b4                _read_r
 .text._close   0x00000000000071e0        0xc e:/mounriver/mounriver_studio/toolchain/risc-v embedded gcc/bin/../lib/gcc/riscv-none-embed/8.2.0/../../../../riscv-none-embed/lib/rv32imac/ilp32\libnosys.a(close.o)
                0x00000000000071e0                _close
 .text._fstat   0x00000000000071ec        0xc e:/mounriver/mounriver_studio/toolchain/risc-v embedded gcc/bin/../lib/gcc/riscv-none-embed/8.2.0/../../../../riscv-none-embed/lib/rv32imac/ilp32\libnosys.a(fstat.o)
                0x00000000000071ec                _fstat
 .text._getpid  0x00000000000071f8        0xc e:/mounriver/mounriver_studio/toolchain/risc-v embedded gcc/bin/../lib/gcc/riscv-none-embed/8.2.0/../../../../riscv-none-embed/lib/rv32imac/ilp32\libnosys.a(getpid.o)
                0x00000000000071f8                _getpid
 .text._isatty  0x0000000000007204        0xc e:/mounriver/mounriver_studio/toolchain/risc-v embedded gcc/bin/../lib/gcc/riscv-none-embed/8.2.0/../../../../riscv-none-embed/lib/rv32imac/ilp32\libnosys.a(isatty.o)
                0x0000000000007204                _isatty
 .text._kill    0x0000000000007210        0xc e:/mounriver/mounriver_studio/toolchain/risc-v embedded gcc/bin/../lib/gcc/riscv-none-embed/8.2.0/../../../../riscv-none-embed/lib/rv32imac/ilp32\libnosys.a(kill.o)
                0x0000000000007210                _kill
 .text._lseek   0x000000000000721c        0xc e:/mounriver/mounriver_studio/toolchain/risc-v embedded gcc/bin/../lib/gcc/riscv-none-embed/8.2.0/../../../../riscv-none-embed/lib/rv32imac/ilp32\libnosys.a(lseek.o)
                0x000000000000721c                _lseek
 .text._read    0x0000000000007228        0xc e:/mounriver/mounriver_studio/toolchain/risc-v embedded gcc/bin/../lib/gcc/riscv-none-embed/8.2.0/../../../../riscv-none-embed/lib/rv32imac/ilp32\libnosys.a(read.o)
                0x0000000000007228                _read
 .text._sbrk    0x0000000000007234       0x20 e:/mounriver/mounriver_studio/toolchain/risc-v embedded gcc/bin/../lib/gcc/riscv-none-embed/8.2.0/../../../../riscv-none-embed/lib/rv32imac/ilp32\libnosys.a(sbrk.o)
                0x0000000000007234                _sbrk
 .text._exit    0x0000000000007254        0x2 e:/mounriver/mounriver_studio/toolchain/risc-v embedded gcc/bin/../lib/gcc/riscv-none-embed/8.2.0/../../../../riscv-none-embed/lib/rv32imac/ilp32\libnosys.a(_exit.o)
                0x0000000000007254                _exit
 *(.rodata)
 *fill*         0x0000000000007256        0x2 
 .rodata        0x0000000000007258      0x147 ./seekfree_peripheral/SEEKFREE_BLUETOOTH_CH9141.o
 *fill*         0x000000000000739f        0x1 
 .rodata        0x00000000000073a0       0x8f ./seekfree_libraries/zf_spi.o
 *fill*         0x000000000000742f        0x1 
 .rodata        0x0000000000007430       0x1e ./USER/main.o
 *fill*         0x000000000000744e        0x2 
 .rodata        0x0000000000007450       0x25 ./CODE/key_make.o
 *fill*         0x0000000000007475        0x3 
 .rodata        0x0000000000007478        0x3 ./CODE/uart_showdate.o
 *(.rodata*)
 *fill*         0x000000000000747b        0x1 
 .rodata.tft_ascii
                0x000000000000747c      0x5f0 ./seekfree_peripheral/SEEKFREE_FONT.o
                0x000000000000747c                tft_ascii
 .rodata.GPION  0x0000000000007a6c       0x10 ./seekfree_libraries/zf_gpio.o
                0x0000000000007a6c                GPION
 .rodata.__func__.3350
                0x0000000000007a7c        0xe ./seekfree_libraries/zf_spi.o
 *fill*         0x0000000000007a8a        0x2 
 .rodata.TIMERN
                0x0000000000007a8c       0x10 ./seekfree_libraries/zf_timer.o
                0x0000000000007a8c                TIMERN
 .rodata.UARTN  0x0000000000007a9c       0x10 ./seekfree_libraries/zf_uart.o
                0x0000000000007a9c                UARTN
 .rodata.MyDevDescr
                0x0000000000007aac       0x12 ./seekfree_libraries/zf_usb_cdc.o
                0x0000000000007aac                MyDevDescr
 *fill*         0x0000000000007abe        0x2 
 .rodata.MyCfgDescr
                0x0000000000007ac0       0x43 ./seekfree_libraries/zf_usb_cdc.o
                0x0000000000007ac0                MyCfgDescr
 *fill*         0x0000000000007b03        0x1 
 .rodata.MyProductIDInfo
                0x0000000000007b04       0x14 ./seekfree_libraries/zf_usb_cdc.o
                0x0000000000007b04                MyProductIDInfo
 .rodata.MyManuInfo
                0x0000000000007b18        0xe ./seekfree_libraries/zf_usb_cdc.o
                0x0000000000007b18                MyManuInfo
 *fill*         0x0000000000007b26        0x2 
 .rodata.MyProdInfo
                0x0000000000007b28        0xc ./seekfree_libraries/zf_usb_cdc.o
                0x0000000000007b28                MyProdInfo
 .rodata.USB_DevTransProcess
                0x0000000000007b34       0xf0 ./seekfree_libraries/zf_usb_cdc.o
 .rodata.__assert_func.str1.4
                0x0000000000007c24       0x3f e:/mounriver/mounriver_studio/toolchain/risc-v embedded gcc/bin/../lib/gcc/riscv-none-embed/8.2.0/../../../../riscv-none-embed/lib/rv32imac/ilp32\libg_nano.a(lib_a-assert.o)
                                         0x43 (size before relaxing)
 *fill*         0x0000000000007c63        0x1 
 .rodata._vfprintf_r.str1.4
                0x0000000000007c64       0x13 e:/mounriver/mounriver_studio/toolchain/risc-v embedded gcc/bin/../lib/gcc/riscv-none-embed/8.2.0/../../../../riscv-none-embed/lib/rv32imac/ilp32\libg_nano.a(lib_a-nano-vfprintf.o)
 *fill*         0x0000000000007c77        0x1 
 .rodata._printf_i.str1.4
                0x0000000000007c78       0x28 e:/mounriver/mounriver_studio/toolchain/risc-v embedded gcc/bin/../lib/gcc/riscv-none-embed/8.2.0/../../../../riscv-none-embed/lib/rv32imac/ilp32\libg_nano.a(lib_a-nano-vfprintf_i.o)
                                         0x25 (size before relaxing)
 .rodata.__sf_fake_stderr
                0x0000000000007ca0       0x20 e:/mounriver/mounriver_studio/toolchain/risc-v embedded gcc/bin/../lib/gcc/riscv-none-embed/8.2.0/../../../../riscv-none-embed/lib/rv32imac/ilp32\libg_nano.a(lib_a-findfp.o)
                0x0000000000007ca0                __sf_fake_stderr
 .rodata.__sf_fake_stdin
                0x0000000000007cc0       0x20 e:/mounriver/mounriver_studio/toolchain/risc-v embedded gcc/bin/../lib/gcc/riscv-none-embed/8.2.0/../../../../riscv-none-embed/lib/rv32imac/ilp32\libg_nano.a(lib_a-findfp.o)
                0x0000000000007cc0                __sf_fake_stdin
 .rodata.__sf_fake_stdout
                0x0000000000007ce0       0x20 e:/mounriver/mounriver_studio/toolchain/risc-v embedded gcc/bin/../lib/gcc/riscv-none-embed/8.2.0/../../../../riscv-none-embed/lib/rv32imac/ilp32\libg_nano.a(lib_a-findfp.o)
                0x0000000000007ce0                __sf_fake_stdout
 .rodata._svfprintf_r.str1.4
                0x0000000000007d00       0x13 e:/mounriver/mounriver_studio/toolchain/risc-v embedded gcc/bin/../lib/gcc/riscv-none-embed/8.2.0/../../../../riscv-none-embed/lib/rv32imac/ilp32\libg_nano.a(lib_a-nano-svfprintf.o)
 *(.glue_7)
 *(.glue_7t)
 *(.gnu.linkonce.t.*)
                0x0000000000007d14                . = ALIGN (0x4)

.rela.dyn       0x0000000000007d00        0x0
 .rela.init     0x0000000000007d00        0x0 ./wch_Libraries/Startup/startup_ch32v10x.o
 .rela.vector   0x0000000000007d00        0x0 ./wch_Libraries/Startup/startup_ch32v10x.o
 .rela.text.handle_reset
                0x0000000000007d00        0x0 ./wch_Libraries/Startup/startup_ch32v10x.o
 .rela.text._vfprintf_r
                0x0000000000007d00        0x0 ./wch_Libraries/Startup/startup_ch32v10x.o
 .rela.text._svfprintf_r
                0x0000000000007d00        0x0 ./wch_Libraries/Startup/startup_ch32v10x.o
 .rela.text._sbrk_r
                0x0000000000007d00        0x0 ./wch_Libraries/Startup/startup_ch32v10x.o
 .rela.text._kill_r
                0x0000000000007d00        0x0 ./wch_Libraries/Startup/startup_ch32v10x.o
 .rela.text._write_r
                0x0000000000007d00        0x0 ./wch_Libraries/Startup/startup_ch32v10x.o
 .rela.text._close_r
                0x0000000000007d00        0x0 ./wch_Libraries/Startup/startup_ch32v10x.o
 .rela.text._fstat_r
                0x0000000000007d00        0x0 ./wch_Libraries/Startup/startup_ch32v10x.o
 .rela.text._isatty_r
                0x0000000000007d00        0x0 ./wch_Libraries/Startup/startup_ch32v10x.o
 .rela.text._lseek_r
                0x0000000000007d00        0x0 ./wch_Libraries/Startup/startup_ch32v10x.o
 .rela.text._read_r
                0x0000000000007d00        0x0 ./wch_Libraries/Startup/startup_ch32v10x.o
 .rela.text._close
                0x0000000000007d00        0x0 ./wch_Libraries/Startup/startup_ch32v10x.o
 .rela.text._fstat
                0x0000000000007d00        0x0 ./wch_Libraries/Startup/startup_ch32v10x.o
 .rela.text._getpid
                0x0000000000007d00        0x0 ./wch_Libraries/Startup/startup_ch32v10x.o
 .rela.text._isatty
                0x0000000000007d00        0x0 ./wch_Libraries/Startup/startup_ch32v10x.o
 .rela.text._kill
                0x0000000000007d00        0x0 ./wch_Libraries/Startup/startup_ch32v10x.o
 .rela.text._lseek
                0x0000000000007d00        0x0 ./wch_Libraries/Startup/startup_ch32v10x.o
 .rela.text._read
                0x0000000000007d00        0x0 ./wch_Libraries/Startup/startup_ch32v10x.o
 .rela.text._sbrk
                0x0000000000007d00        0x0 ./wch_Libraries/Startup/startup_ch32v10x.o

.fini           0x0000000000007d00        0x0
 *(SORT_NONE(.fini))
                0x0000000000007d00                . = ALIGN (0x4)
                [!provide]                        PROVIDE (_etext = .)
                [!provide]                        PROVIDE (_eitcm = .)

.preinit_array  0x0000000000007d00        0x0
                [!provide]                        PROVIDE (__preinit_array_start = .)
 *(.preinit_array)
                [!provide]                        PROVIDE (__preinit_array_end = .)

.init_array     0x0000000000007d00        0x0
                [!provide]                        PROVIDE (__init_array_start = .)
 *(SORT_BY_INIT_PRIORITY(.init_array.*) SORT_BY_INIT_PRIORITY(.ctors.*))
 *(.init_array EXCLUDE_FILE(*crtend?.o *crtend.o *crtbegin?.o *crtbegin.o) .ctors)
                [!provide]                        PROVIDE (__init_array_end = .)

.fini_array     0x0000000000007d00        0x0
                [!provide]                        PROVIDE (__fini_array_start = .)
 *(SORT_BY_INIT_PRIORITY(.fini_array.*) SORT_BY_INIT_PRIORITY(.dtors.*))
 *(.fini_array EXCLUDE_FILE(*crtend?.o *crtend.o *crtbegin?.o *crtbegin.o) .dtors)
                [!provide]                        PROVIDE (__fini_array_end = .)

.ctors
 *crtbegin.o(.ctors)
 *crtbegin?.o(.ctors)
 *(EXCLUDE_FILE(*crtend?.o *crtend.o) .ctors)
 *(SORT_BY_NAME(.ctors.*))
 *(.ctors)

.dtors
 *crtbegin.o(.dtors)
 *crtbegin?.o(.dtors)
 *(EXCLUDE_FILE(*crtend?.o *crtend.o) .dtors)
 *(SORT_BY_NAME(.dtors.*))
 *(.dtors)

.dalign         0x0000000020000000        0x0 load address 0x0000000000007d00
                0x0000000020000000                . = ALIGN (0x4)
                0x0000000020000000                PROVIDE (_data_vma = .)

.dlalign        0x0000000000007d00        0x0
                0x0000000000007d00                . = ALIGN (0x4)
                0x0000000000007d00                PROVIDE (_data_lma = .)

.data           0x0000000020000000       0x90 load address 0x0000000000007d00
 *(.gnu.linkonce.r.*)
 *(.data .data.*)
 .data.APBAHBPrescTable
                0x0000000020000000       0x10 ./wch_Libraries/Peripheral/ch32v10x_rcc.o
 .data.impure_data
                0x0000000020000010       0x60 e:/mounriver/mounriver_studio/toolchain/risc-v embedded gcc/bin/../lib/gcc/riscv-none-embed/8.2.0/../../../../riscv-none-embed/lib/rv32imac/ilp32\libg_nano.a(lib_a-impure.o)
 *(.gnu.linkonce.d.*)
                0x0000000020000070                . = ALIGN (0x8)
                0x0000000020000870                PROVIDE (__global_pointer$ = (. + 0x800))
 *(.sdata .sdata.*)
 .sdata.ADCPrescTable
                0x0000000020000070        0x4 ./wch_Libraries/Peripheral/ch32v10x_rcc.o
 .sdata.LineCoding
                0x0000000020000074        0x7 ./seekfree_libraries/zf_usb_cdc.o
                0x0000000020000074                LineCoding
 *fill*         0x000000002000007b        0x1 
 .sdata._impure_ptr
                0x000000002000007c        0x4 e:/mounriver/mounriver_studio/toolchain/risc-v embedded gcc/bin/../lib/gcc/riscv-none-embed/8.2.0/../../../../riscv-none-embed/lib/rv32imac/ilp32\libg_nano.a(lib_a-impure.o)
                0x000000002000007c                _impure_ptr
 *(.sdata2.*)
 .sdata2.SPIN   0x0000000020000080        0x8 ./seekfree_libraries/zf_spi.o
                0x0000000020000080                SPIN
 .sdata2.MyLangDescr
                0x0000000020000088        0x4 ./seekfree_libraries/zf_usb_cdc.o
                0x0000000020000088                MyLangDescr
 .sdata2._global_impure_ptr
                0x000000002000008c        0x4 e:/mounriver/mounriver_studio/toolchain/risc-v embedded gcc/bin/../lib/gcc/riscv-none-embed/8.2.0/../../../../riscv-none-embed/lib/rv32imac/ilp32\libg_nano.a(lib_a-impure.o)
                0x000000002000008c                _global_impure_ptr
 *(.gnu.linkonce.s.*)
                0x0000000020000090                . = ALIGN (0x8)
 *(.srodata.cst16)
 *(.srodata.cst8)
 *(.srodata.cst4)
 *(.srodata.cst2)
 *(.srodata .srodata.*)
                0x0000000020000090                . = ALIGN (0x4)
                0x0000000020000090                PROVIDE (_edata = .)

.bss            0x0000000020000090       0x7c load address 0x0000000000007d90
                0x0000000020000090                . = ALIGN (0x4)
                0x0000000020000090                PROVIDE (_sbss = .)
 *(.sbss*)
 .sbss.pEP0_RAM_Addr
                0x0000000020000090        0x4 ./wch_Libraries/Peripheral/ch32v10x_usb.o
                0x0000000020000090                pEP0_RAM_Addr
 .sbss.pEP2_RAM_Addr
                0x0000000020000094        0x4 ./wch_Libraries/Peripheral/ch32v10x_usb.o
                0x0000000020000094                pEP2_RAM_Addr
 .sbss.uart_flag
                0x0000000020000098        0x1 ./seekfree_peripheral/SEEKFREE_BLUETOOTH_CH9141.o
                0x0000000020000098                uart_flag
 .sbss.uart_data
                0x0000000020000099        0x1 ./seekfree_peripheral/SEEKFREE_BLUETOOTH_CH9141.o
                0x0000000020000099                uart_data
 .sbss.at_mode  0x000000002000009a        0x1 ./seekfree_peripheral/SEEKFREE_BLUETOOTH_CH9141.o
                0x000000002000009a                at_mode
 .sbss.at_mode_num
                0x000000002000009b        0x1 ./seekfree_peripheral/SEEKFREE_BLUETOOTH_CH9141.o
                0x000000002000009b                at_mode_num
 .sbss.at_mode_cmd_flag
                0x000000002000009c        0x1 ./seekfree_peripheral/SEEKFREE_BLUETOOTH_CH9141.o
                0x000000002000009c                at_mode_cmd_flag
 *fill*         0x000000002000009d        0x3 
 .sbss.receive  0x00000000200000a0        0x3 ./seekfree_peripheral/SEEKFREE_MT9V03X.o
                0x00000000200000a0                receive
 .sbss.receive_num
                0x00000000200000a3        0x1 ./seekfree_peripheral/SEEKFREE_MT9V03X.o
                0x00000000200000a3                receive_num
 .sbss.uart_receive_flag
                0x00000000200000a4        0x1 ./seekfree_peripheral/SEEKFREE_MT9V03X.o
                0x00000000200000a4                uart_receive_flag
 .sbss.mt9v03x_finish_flag
                0x00000000200000a5        0x1 ./seekfree_peripheral/SEEKFREE_MT9V03X.o
                0x00000000200000a5                mt9v03x_finish_flag
 *fill*         0x00000000200000a6        0x2 
 .sbss.ov7725_uart_receive
                0x00000000200000a8        0x3 ./seekfree_peripheral/SEEKFREE_UART_7725.o
                0x00000000200000a8                ov7725_uart_receive
 .sbss.ov7725_uart_receive_num
                0x00000000200000ab        0x1 ./seekfree_peripheral/SEEKFREE_UART_7725.o
                0x00000000200000ab                ov7725_uart_receive_num
 .sbss.ov7725_uart_receive_flag
                0x00000000200000ac        0x1 ./seekfree_peripheral/SEEKFREE_UART_7725.o
                0x00000000200000ac                ov7725_uart_receive_flag
 .sbss.ov7725_uart_finish_flag
                0x00000000200000ad        0x1 ./seekfree_peripheral/SEEKFREE_UART_7725.o
                0x00000000200000ad                ov7725_uart_finish_flag
 .sbss.wireless_rx_buffer
                0x00000000200000ae        0x1 ./seekfree_peripheral/SEEKFREE_WIRELESS.o
                0x00000000200000ae                wireless_rx_buffer
 *fill*         0x00000000200000af        0x1 
 .sbss.camera_type
                0x00000000200000b0        0x4 ./seekfree_libraries/common.o
                0x00000000200000b0                camera_type
 .sbss.wireless_type
                0x00000000200000b4        0x4 ./seekfree_libraries/common.o
                0x00000000200000b4                wireless_type
 .sbss.sys_clk  0x00000000200000b8        0x4 ./seekfree_libraries/common.o
                0x00000000200000b8                sys_clk
 .sbss.UsbConfig
                0x00000000200000bc        0x1 ./seekfree_libraries/zf_usb_cdc.o
                0x00000000200000bc                UsbConfig
 .sbss.SetupReqCode
                0x00000000200000bd        0x1 ./seekfree_libraries/zf_usb_cdc.o
                0x00000000200000bd                SetupReqCode
 .sbss.SetupReqLen
                0x00000000200000be        0x2 ./seekfree_libraries/zf_usb_cdc.o
                0x00000000200000be                SetupReqLen
 .sbss.USBByteCount
                0x00000000200000c0        0x1 ./seekfree_libraries/zf_usb_cdc.o
                0x00000000200000c0                USBByteCount
 *fill*         0x00000000200000c1        0x3 
 .sbss.pDescr   0x00000000200000c4        0x4 ./seekfree_libraries/zf_usb_cdc.o
                0x00000000200000c4                pDescr
 .sbss.enc      0x00000000200000c8        0x4 ./USER/main.o
                0x00000000200000c8                enc
 .sbss.adc      0x00000000200000cc        0x4 ./USER/main.o
                0x00000000200000cc                adc
 .sbss.ADC_date
                0x00000000200000d0        0x4 ./CODE/ADC_measure.o
                0x00000000200000d0                ADC_date
 .sbss.key_01   0x00000000200000d4        0x1 ./CODE/key_make.o
                0x00000000200000d4                key_01
 .sbss.key_able
                0x00000000200000d5        0x1 ./CODE/key_make.o
                0x00000000200000d5                key_able
 *fill*         0x00000000200000d6        0x2 
 .sbss.enc_date
                0x00000000200000d8        0x4 ./CODE/timer_encoder.o
                0x00000000200000d8                enc_date
 .sbss.__malloc_free_list
                0x00000000200000dc        0x4 e:/mounriver/mounriver_studio/toolchain/risc-v embedded gcc/bin/../lib/gcc/riscv-none-embed/8.2.0/../../../../riscv-none-embed/lib/rv32imac/ilp32\libg_nano.a(lib_a-nano-mallocr.o)
                0x00000000200000dc                __malloc_free_list
 .sbss.__malloc_sbrk_start
                0x00000000200000e0        0x4 e:/mounriver/mounriver_studio/toolchain/risc-v embedded gcc/bin/../lib/gcc/riscv-none-embed/8.2.0/../../../../riscv-none-embed/lib/rv32imac/ilp32\libg_nano.a(lib_a-nano-mallocr.o)
                0x00000000200000e0                __malloc_sbrk_start
 .sbss.heap_end.1518
                0x00000000200000e4        0x4 e:/mounriver/mounriver_studio/toolchain/risc-v embedded gcc/bin/../lib/gcc/riscv-none-embed/8.2.0/../../../../riscv-none-embed/lib/rv32imac/ilp32\libnosys.a(sbrk.o)
 *(.gnu.linkonce.sb.*)
 *(.bss*)
 .bss.at_mode_data
                0x00000000200000e8       0x1e ./seekfree_peripheral/SEEKFREE_BLUETOOTH_CH9141.o
                0x00000000200000e8                at_mode_data
 *(.gnu.linkonce.b.*)
 *(COMMON*)
 *fill*         0x0000000020000106        0x2 
 COMMON         0x0000000020000108        0x4 e:/mounriver/mounriver_studio/toolchain/risc-v embedded gcc/bin/../lib/gcc/riscv-none-embed/8.2.0/../../../../riscv-none-embed/lib/rv32imac/ilp32\libg_nano.a(lib_a-reent.o)
                0x0000000020000108                errno
                0x000000002000010c                . = ALIGN (0x4)
                0x000000002000010c                PROVIDE (_ebss = .)
                [!provide]                        PROVIDE (_end = _ebss)
                0x000000002000010c                PROVIDE (end = .)

.stack          0x0000000020004800      0x800
                0x0000000020004800                . = ALIGN (0x4)
                [!provide]                        PROVIDE (_susrstack = .)
                0x0000000020005000                . = (. + __stack_size)
 *fill*         0x0000000020004800      0x800 
                0x0000000020005000                PROVIDE (_eusrstack = .)
OUTPUT(Seekfree_CH32V103R8T6_Opensource_Library.elf elf32-littleriscv)

.debug_line     0x0000000000000000    0x13a87
 .debug_line    0x0000000000000000      0x287 ./wch_Libraries/Startup/startup_ch32v10x.o
 .debug_line    0x0000000000000287      0xfef ./wch_Libraries/Peripheral/ch32v10x_adc.o
 .debug_line    0x0000000000001276      0x770 ./wch_Libraries/Peripheral/ch32v10x_dma.o
 .debug_line    0x00000000000019e6      0x5ae ./wch_Libraries/Peripheral/ch32v10x_exti.o
 .debug_line    0x0000000000001f94      0xa40 ./wch_Libraries/Peripheral/ch32v10x_gpio.o
 .debug_line    0x00000000000029d4      0xd76 ./wch_Libraries/Peripheral/ch32v10x_rcc.o
 .debug_line    0x000000000000374a      0xac4 ./wch_Libraries/Peripheral/ch32v10x_spi.o
 .debug_line    0x000000000000420e     0x2020 ./wch_Libraries/Peripheral/ch32v10x_tim.o
 .debug_line    0x000000000000622e      0xca4 ./wch_Libraries/Peripheral/ch32v10x_usart.o
 .debug_line    0x0000000000006ed2      0x50e ./wch_Libraries/Peripheral/ch32v10x_usb.o
 .debug_line    0x00000000000073e0      0xb33 ./seekfree_peripheral/SEEKFREE_BLUETOOTH_CH9141.o
 .debug_line    0x0000000000007f13      0x29c ./seekfree_peripheral/SEEKFREE_FONT.o
 .debug_line    0x00000000000081af     0x15ce ./seekfree_peripheral/SEEKFREE_IPS114_SPI.o
 .debug_line    0x000000000000977d      0xb79 ./seekfree_peripheral/SEEKFREE_MT9V03X.o
 .debug_line    0x000000000000a2f6      0xb69 ./seekfree_peripheral/SEEKFREE_UART_7725.o
 .debug_line    0x000000000000ae5f      0x538 ./seekfree_peripheral/SEEKFREE_WIRELESS.o
 .debug_line    0x000000000000b397      0x4c5 ./seekfree_libraries/board.o
 .debug_line    0x000000000000b85c      0x471 ./seekfree_libraries/clock_config.o
 .debug_line    0x000000000000bccd      0x1ff ./seekfree_libraries/common.o
 .debug_line    0x000000000000becc      0x7b4 ./seekfree_libraries/zf_adc.o
 .debug_line    0x000000000000c680      0x769 ./seekfree_libraries/zf_gpio.o
 .debug_line    0x000000000000cde9       0xcd ./seekfree_libraries/zf_irq.o
 .debug_line    0x000000000000ceb6      0x456 ./seekfree_libraries/zf_nvic.o
 .debug_line    0x000000000000d30c      0xbba ./seekfree_libraries/zf_pwm.o
 .debug_line    0x000000000000dec6      0x6ea ./seekfree_libraries/zf_spi.o
 .debug_line    0x000000000000e5b0      0x48a ./seekfree_libraries/zf_systick.o
 .debug_line    0x000000000000ea3a      0x6d1 ./seekfree_libraries/zf_timer.o
 .debug_line    0x000000000000f10b      0x7aa ./seekfree_libraries/zf_uart.o
 .debug_line    0x000000000000f8b5     0x10eb ./seekfree_libraries/zf_usb_cdc.o
 .debug_line    0x00000000000109a0      0xbde ./USER/isr.o
 .debug_line    0x000000000001157e      0x5c9 ./USER/main.o
 .debug_line    0x0000000000011b47      0x4ea ./CODE/ADC_measure.o
 .debug_line    0x0000000000012031      0x510 ./CODE/ips_show.o
 .debug_line    0x0000000000012541      0x559 ./CODE/key_make.o
 .debug_line    0x0000000000012a9a      0x5c9 ./CODE/motor_PWM.o
 .debug_line    0x0000000000013063      0x4e8 ./CODE/timer_encoder.o
 .debug_line    0x000000000001354b      0x53c ./CODE/uart_showdate.o

.debug_info     0x0000000000000000    0x2167e
 .debug_info    0x0000000000000000       0x22 ./wch_Libraries/Startup/startup_ch32v10x.o
 .debug_info    0x0000000000000022      0xc6c ./wch_Libraries/Peripheral/ch32v10x_adc.o
 .debug_info    0x0000000000000c8e      0x476 ./wch_Libraries/Peripheral/ch32v10x_dma.o
 .debug_info    0x0000000000001104      0x353 ./wch_Libraries/Peripheral/ch32v10x_exti.o
 .debug_info    0x0000000000001457      0x6e7 ./wch_Libraries/Peripheral/ch32v10x_gpio.o
 .debug_info    0x0000000000001b3e      0x8d8 ./wch_Libraries/Peripheral/ch32v10x_rcc.o
 .debug_info    0x0000000000002416      0x94f ./wch_Libraries/Peripheral/ch32v10x_spi.o
 .debug_info    0x0000000000002d65     0x1dcc ./wch_Libraries/Peripheral/ch32v10x_tim.o
 .debug_info    0x0000000000004b31      0xa42 ./wch_Libraries/Peripheral/ch32v10x_usart.o
 .debug_info    0x0000000000005573      0x2bd ./wch_Libraries/Peripheral/ch32v10x_usb.o
 .debug_info    0x0000000000005830     0x144f ./seekfree_peripheral/SEEKFREE_BLUETOOTH_CH9141.o
 .debug_info    0x0000000000006c7f      0xb46 ./seekfree_peripheral/SEEKFREE_FONT.o
 .debug_info    0x00000000000077c5     0x19ff ./seekfree_peripheral/SEEKFREE_IPS114_SPI.o
 .debug_info    0x00000000000091c4     0x17dd ./seekfree_peripheral/SEEKFREE_MT9V03X.o
 .debug_info    0x000000000000a9a1     0x17c3 ./seekfree_peripheral/SEEKFREE_UART_7725.o
 .debug_info    0x000000000000c164      0xfbd ./seekfree_peripheral/SEEKFREE_WIRELESS.o
 .debug_info    0x000000000000d121      0xd63 ./seekfree_libraries/board.o
 .debug_info    0x000000000000de84      0x25f ./seekfree_libraries/clock_config.o
 .debug_info    0x000000000000e0e3      0xa51 ./seekfree_libraries/common.o
 .debug_info    0x000000000000eb34     0x114b ./seekfree_libraries/zf_adc.o
 .debug_info    0x000000000000fc7f     0x1185 ./seekfree_libraries/zf_gpio.o
 .debug_info    0x0000000000010e04       0x26 ./seekfree_libraries/zf_irq.o
 .debug_info    0x0000000000010e2a      0xcb7 ./seekfree_libraries/zf_nvic.o
 .debug_info    0x0000000000011ae1     0x147e ./seekfree_libraries/zf_pwm.o
 .debug_info    0x0000000000012f5f     0x1214 ./seekfree_libraries/zf_spi.o
 .debug_info    0x0000000000014173      0xba4 ./seekfree_libraries/zf_systick.o
 .debug_info    0x0000000000014d17     0x1241 ./seekfree_libraries/zf_timer.o
 .debug_info    0x0000000000015f58     0x132f ./seekfree_libraries/zf_uart.o
 .debug_info    0x0000000000017287     0x141a ./seekfree_libraries/zf_usb_cdc.o
 .debug_info    0x00000000000186a1     0x13b2 ./USER/isr.o
 .debug_info    0x0000000000019a53     0x14ce ./USER/main.o
 .debug_info    0x000000000001af21     0x1040 ./CODE/ADC_measure.o
 .debug_info    0x000000000001bf61      0xf8d ./CODE/ips_show.o
 .debug_info    0x000000000001ceee     0x1346 ./CODE/key_make.o
 .debug_info    0x000000000001e234     0x1472 ./CODE/motor_PWM.o
 .debug_info    0x000000000001f6a6     0x104b ./CODE/timer_encoder.o
 .debug_info    0x00000000000206f1      0xf8d ./CODE/uart_showdate.o

.debug_abbrev   0x0000000000000000     0x51b2
 .debug_abbrev  0x0000000000000000       0x12 ./wch_Libraries/Startup/startup_ch32v10x.o
 .debug_abbrev  0x0000000000000012      0x17e ./wch_Libraries/Peripheral/ch32v10x_adc.o
 .debug_abbrev  0x0000000000000190      0x18f ./wch_Libraries/Peripheral/ch32v10x_dma.o
 .debug_abbrev  0x000000000000031f      0x144 ./wch_Libraries/Peripheral/ch32v10x_exti.o
 .debug_abbrev  0x0000000000000463      0x1c7 ./wch_Libraries/Peripheral/ch32v10x_gpio.o
 .debug_abbrev  0x000000000000062a      0x1ef ./wch_Libraries/Peripheral/ch32v10x_rcc.o
 .debug_abbrev  0x0000000000000819      0x19e ./wch_Libraries/Peripheral/ch32v10x_spi.o
 .debug_abbrev  0x00000000000009b7      0x1c9 ./wch_Libraries/Peripheral/ch32v10x_tim.o
 .debug_abbrev  0x0000000000000b80      0x19e ./wch_Libraries/Peripheral/ch32v10x_usart.o
 .debug_abbrev  0x0000000000000d1e       0xb2 ./wch_Libraries/Peripheral/ch32v10x_usb.o
 .debug_abbrev  0x0000000000000dd0      0x352 ./seekfree_peripheral/SEEKFREE_BLUETOOTH_CH9141.o
 .debug_abbrev  0x0000000000001122      0x217 ./seekfree_peripheral/SEEKFREE_FONT.o
 .debug_abbrev  0x0000000000001339      0x328 ./seekfree_peripheral/SEEKFREE_IPS114_SPI.o
 .debug_abbrev  0x0000000000001661      0x365 ./seekfree_peripheral/SEEKFREE_MT9V03X.o
 .debug_abbrev  0x00000000000019c6      0x39f ./seekfree_peripheral/SEEKFREE_UART_7725.o
 .debug_abbrev  0x0000000000001d65      0x2a5 ./seekfree_peripheral/SEEKFREE_WIRELESS.o
 .debug_abbrev  0x000000000000200a      0x280 ./seekfree_libraries/board.o
 .debug_abbrev  0x000000000000228a       0xe8 ./seekfree_libraries/clock_config.o
 .debug_abbrev  0x0000000000002372      0x1fa ./seekfree_libraries/common.o
 .debug_abbrev  0x000000000000256c      0x2a4 ./seekfree_libraries/zf_adc.o
 .debug_abbrev  0x0000000000002810      0x2c2 ./seekfree_libraries/zf_gpio.o
 .debug_abbrev  0x0000000000002ad2       0x14 ./seekfree_libraries/zf_irq.o
 .debug_abbrev  0x0000000000002ae6      0x2b3 ./seekfree_libraries/zf_nvic.o
 .debug_abbrev  0x0000000000002d99      0x2d0 ./seekfree_libraries/zf_pwm.o
 .debug_abbrev  0x0000000000003069      0x293 ./seekfree_libraries/zf_spi.o
 .debug_abbrev  0x00000000000032fc      0x257 ./seekfree_libraries/zf_systick.o
 .debug_abbrev  0x0000000000003553      0x2b6 ./seekfree_libraries/zf_timer.o
 .debug_abbrev  0x0000000000003809      0x2e5 ./seekfree_libraries/zf_uart.o
 .debug_abbrev  0x0000000000003aee      0x34e ./seekfree_libraries/zf_usb_cdc.o
 .debug_abbrev  0x0000000000003e3c      0x286 ./USER/isr.o
 .debug_abbrev  0x00000000000040c2      0x245 ./USER/main.o
 .debug_abbrev  0x0000000000004307      0x27a ./CODE/ADC_measure.o
 .debug_abbrev  0x0000000000004581      0x25a ./CODE/ips_show.o
 .debug_abbrev  0x00000000000047db      0x28e ./CODE/key_make.o
 .debug_abbrev  0x0000000000004a69      0x26c ./CODE/motor_PWM.o
 .debug_abbrev  0x0000000000004cd5      0x269 ./CODE/timer_encoder.o
 .debug_abbrev  0x0000000000004f3e      0x274 ./CODE/uart_showdate.o

.debug_aranges  0x0000000000000000     0x1090
 .debug_aranges
                0x0000000000000000       0x30 ./wch_Libraries/Startup/startup_ch32v10x.o
 .debug_aranges
                0x0000000000000030      0x140 ./wch_Libraries/Peripheral/ch32v10x_adc.o
 .debug_aranges
                0x0000000000000170       0x70 ./wch_Libraries/Peripheral/ch32v10x_dma.o
 .debug_aranges
                0x00000000000001e0       0x58 ./wch_Libraries/Peripheral/ch32v10x_exti.o
 .debug_aranges
                0x0000000000000238       0xa0 ./wch_Libraries/Peripheral/ch32v10x_gpio.o
 .debug_aranges
                0x00000000000002d8      0x118 ./wch_Libraries/Peripheral/ch32v10x_rcc.o
 .debug_aranges
                0x00000000000003f0       0xd0 ./wch_Libraries/Peripheral/ch32v10x_spi.o
 .debug_aranges
                0x00000000000004c0      0x2f0 ./wch_Libraries/Peripheral/ch32v10x_tim.o
 .debug_aranges
                0x00000000000007b0      0x100 ./wch_Libraries/Peripheral/ch32v10x_usart.o
 .debug_aranges
                0x00000000000008b0       0x58 ./wch_Libraries/Peripheral/ch32v10x_usb.o
 .debug_aranges
                0x0000000000000908       0xa8 ./seekfree_peripheral/SEEKFREE_BLUETOOTH_CH9141.o
 .debug_aranges
                0x00000000000009b0       0x18 ./seekfree_peripheral/SEEKFREE_FONT.o
 .debug_aranges
                0x00000000000009c8       0xc8 ./seekfree_peripheral/SEEKFREE_IPS114_SPI.o
 .debug_aranges
                0x0000000000000a90       0x80 ./seekfree_peripheral/SEEKFREE_MT9V03X.o
 .debug_aranges
                0x0000000000000b10       0x80 ./seekfree_peripheral/SEEKFREE_UART_7725.o
 .debug_aranges
                0x0000000000000b90       0x30 ./seekfree_peripheral/SEEKFREE_WIRELESS.o
 .debug_aranges
                0x0000000000000bc0       0x28 ./seekfree_libraries/board.o
 .debug_aranges
                0x0000000000000be8       0x28 ./seekfree_libraries/clock_config.o
 .debug_aranges
                0x0000000000000c10       0x18 ./seekfree_libraries/common.o
 .debug_aranges
                0x0000000000000c28       0x38 ./seekfree_libraries/zf_adc.o
 .debug_aranges
                0x0000000000000c60       0x40 ./seekfree_libraries/zf_gpio.o
 .debug_aranges
                0x0000000000000ca0       0x20 ./seekfree_libraries/zf_irq.o
 .debug_aranges
                0x0000000000000cc0       0x30 ./seekfree_libraries/zf_nvic.o
 .debug_aranges
                0x0000000000000cf0       0x40 ./seekfree_libraries/zf_pwm.o
 .debug_aranges
                0x0000000000000d30       0x30 ./seekfree_libraries/zf_spi.o
 .debug_aranges
                0x0000000000000d60       0x30 ./seekfree_libraries/zf_systick.o
 .debug_aranges
                0x0000000000000d90       0x38 ./seekfree_libraries/zf_timer.o
 .debug_aranges
                0x0000000000000dc8       0x60 ./seekfree_libraries/zf_uart.o
 .debug_aranges
                0x0000000000000e28       0x60 ./seekfree_libraries/zf_usb_cdc.o
 .debug_aranges
                0x0000000000000e88       0xc0 ./USER/isr.o
 .debug_aranges
                0x0000000000000f48       0x20 ./USER/main.o
 .debug_aranges
                0x0000000000000f68       0x28 ./CODE/ADC_measure.o
 .debug_aranges
                0x0000000000000f90       0x38 ./CODE/ips_show.o
 .debug_aranges
                0x0000000000000fc8       0x30 ./CODE/key_make.o
 .debug_aranges
                0x0000000000000ff8       0x48 ./CODE/motor_PWM.o
 .debug_aranges
                0x0000000000001040       0x28 ./CODE/timer_encoder.o
 .debug_aranges
                0x0000000000001068       0x28 ./CODE/uart_showdate.o

.debug_str      0x0000000000000000     0x5e37
 .debug_str     0x0000000000000000      0x119 ./wch_Libraries/Startup/startup_ch32v10x.o
 .debug_str     0x0000000000000119      0x755 ./wch_Libraries/Peripheral/ch32v10x_adc.o
                                        0x868 (size before relaxing)
 .debug_str     0x000000000000086e      0x27b ./wch_Libraries/Peripheral/ch32v10x_dma.o
                                        0x4a9 (size before relaxing)
 .debug_str     0x0000000000000ae9      0x224 ./wch_Libraries/Peripheral/ch32v10x_exti.o
                                        0x443 (size before relaxing)
 .debug_str     0x0000000000000d0d      0x3b9 ./wch_Libraries/Peripheral/ch32v10x_gpio.o
                                        0x5da (size before relaxing)
 .debug_str     0x00000000000010c6      0x4ba ./wch_Libraries/Peripheral/ch32v10x_rcc.o
                                        0x71b (size before relaxing)
 .debug_str     0x0000000000001580      0x407 ./wch_Libraries/Peripheral/ch32v10x_spi.o
                                        0x6f6 (size before relaxing)
 .debug_str     0x0000000000001987      0xc0b ./wch_Libraries/Peripheral/ch32v10x_tim.o
                                        0xf03 (size before relaxing)
 .debug_str     0x0000000000002592      0x47f ./wch_Libraries/Peripheral/ch32v10x_usart.o
                                        0x78d (size before relaxing)
 .debug_str     0x0000000000002a11      0x1a5 ./wch_Libraries/Peripheral/ch32v10x_usb.o
                                        0x35e (size before relaxing)
 .debug_str     0x0000000000002bb6      0xb1a ./seekfree_peripheral/SEEKFREE_BLUETOOTH_CH9141.o
                                        0xdf7 (size before relaxing)
 .debug_str     0x00000000000036d0       0xda ./seekfree_peripheral/SEEKFREE_FONT.o
                                        0x7c7 (size before relaxing)
 .debug_str     0x00000000000037aa      0x3b0 ./seekfree_peripheral/SEEKFREE_IPS114_SPI.o
                                        0xbf0 (size before relaxing)
 .debug_str     0x0000000000003b5a      0x482 ./seekfree_peripheral/SEEKFREE_MT9V03X.o
                                        0xf00 (size before relaxing)
 .debug_str     0x0000000000003fdc      0x326 ./seekfree_peripheral/SEEKFREE_UART_7725.o
                                        0xfa4 (size before relaxing)
 .debug_str     0x0000000000004302       0xf4 ./seekfree_peripheral/SEEKFREE_WIRELESS.o
                                        0x98d (size before relaxing)
 .debug_str     0x00000000000043f6       0x95 ./seekfree_libraries/board.o
                                        0x949 (size before relaxing)
 .debug_str     0x000000000000448b       0xd5 ./seekfree_libraries/clock_config.o
                                        0x348 (size before relaxing)
 .debug_str     0x0000000000004560       0x8b ./seekfree_libraries/common.o
                                        0x778 (size before relaxing)
 .debug_str     0x00000000000045eb      0x1c5 ./seekfree_libraries/zf_adc.o
                                        0xa6f (size before relaxing)
 .debug_str     0x00000000000047b0      0x11e ./seekfree_libraries/zf_gpio.o
                                        0xa90 (size before relaxing)
 .debug_str     0x00000000000048ce       0x8b ./seekfree_libraries/zf_irq.o
                                        0x10c (size before relaxing)
 .debug_str     0x0000000000004959      0x18e ./seekfree_libraries/zf_nvic.o
                                        0xb05 (size before relaxing)
 .debug_str     0x0000000000004ae7      0x273 ./seekfree_libraries/zf_pwm.o
                                        0xce1 (size before relaxing)
 .debug_str     0x0000000000004d5a      0x11d ./seekfree_libraries/zf_spi.o
                                        0xb09 (size before relaxing)
 .debug_str     0x0000000000004e77      0x136 ./seekfree_libraries/zf_systick.o
                                        0x853 (size before relaxing)
 .debug_str     0x0000000000004fad      0x1c7 ./seekfree_libraries/zf_timer.o
                                        0xb59 (size before relaxing)
 .debug_str     0x0000000000005174      0x125 ./seekfree_libraries/zf_uart.o
                                        0xcad (size before relaxing)
 .debug_str     0x0000000000005299      0x415 ./seekfree_libraries/zf_usb_cdc.o
                                        0xebc (size before relaxing)
 .debug_str     0x00000000000056ae      0x2a4 ./USER/isr.o
                                        0xde5 (size before relaxing)
 .debug_str     0x0000000000005952       0x7e ./USER/main.o
                                        0xedb (size before relaxing)
 .debug_str     0x00000000000059d0       0x9a ./CODE/ADC_measure.o
                                        0xc6e (size before relaxing)
 .debug_str     0x0000000000005a6a       0xb3 ./CODE/ips_show.o
                                        0xb06 (size before relaxing)
 .debug_str     0x0000000000005b1d       0xa8 ./CODE/key_make.o
                                        0xc09 (size before relaxing)
 .debug_str     0x0000000000005bc5      0x126 ./CODE/motor_PWM.o
                                        0xd43 (size before relaxing)
 .debug_str     0x0000000000005ceb       0xa4 ./CODE/timer_encoder.o
                                        0xc98 (size before relaxing)
 .debug_str     0x0000000000005d8f       0xa8 ./CODE/uart_showdate.o
                                        0xb1b (size before relaxing)

.debug_ranges   0x0000000000000000      0xe28
 .debug_ranges  0x0000000000000000       0x28 ./wch_Libraries/Startup/startup_ch32v10x.o
 .debug_ranges  0x0000000000000028      0x130 ./wch_Libraries/Peripheral/ch32v10x_adc.o
 .debug_ranges  0x0000000000000158       0x60 ./wch_Libraries/Peripheral/ch32v10x_dma.o
 .debug_ranges  0x00000000000001b8       0x48 ./wch_Libraries/Peripheral/ch32v10x_exti.o
 .debug_ranges  0x0000000000000200       0x90 ./wch_Libraries/Peripheral/ch32v10x_gpio.o
 .debug_ranges  0x0000000000000290      0x108 ./wch_Libraries/Peripheral/ch32v10x_rcc.o
 .debug_ranges  0x0000000000000398       0xc0 ./wch_Libraries/Peripheral/ch32v10x_spi.o
 .debug_ranges  0x0000000000000458      0x2e0 ./wch_Libraries/Peripheral/ch32v10x_tim.o
 .debug_ranges  0x0000000000000738       0xf0 ./wch_Libraries/Peripheral/ch32v10x_usart.o
 .debug_ranges  0x0000000000000828       0x48 ./wch_Libraries/Peripheral/ch32v10x_usb.o
 .debug_ranges  0x0000000000000870       0x98 ./seekfree_peripheral/SEEKFREE_BLUETOOTH_CH9141.o
 .debug_ranges  0x0000000000000908       0xb8 ./seekfree_peripheral/SEEKFREE_IPS114_SPI.o
 .debug_ranges  0x00000000000009c0       0x70 ./seekfree_peripheral/SEEKFREE_MT9V03X.o
 .debug_ranges  0x0000000000000a30       0x70 ./seekfree_peripheral/SEEKFREE_UART_7725.o
 .debug_ranges  0x0000000000000aa0       0x20 ./seekfree_peripheral/SEEKFREE_WIRELESS.o
 .debug_ranges  0x0000000000000ac0       0x18 ./seekfree_libraries/board.o
 .debug_ranges  0x0000000000000ad8       0x18 ./seekfree_libraries/clock_config.o
 .debug_ranges  0x0000000000000af0       0x28 ./seekfree_libraries/zf_adc.o
 .debug_ranges  0x0000000000000b18       0x30 ./seekfree_libraries/zf_gpio.o
 .debug_ranges  0x0000000000000b48       0x20 ./seekfree_libraries/zf_nvic.o
 .debug_ranges  0x0000000000000b68       0x30 ./seekfree_libraries/zf_pwm.o
 .debug_ranges  0x0000000000000b98       0x20 ./seekfree_libraries/zf_spi.o
 .debug_ranges  0x0000000000000bb8       0x20 ./seekfree_libraries/zf_systick.o
 .debug_ranges  0x0000000000000bd8       0x28 ./seekfree_libraries/zf_timer.o
 .debug_ranges  0x0000000000000c00       0x50 ./seekfree_libraries/zf_uart.o
 .debug_ranges  0x0000000000000c50       0x50 ./seekfree_libraries/zf_usb_cdc.o
 .debug_ranges  0x0000000000000ca0       0xb0 ./USER/isr.o
 .debug_ranges  0x0000000000000d50       0x10 ./USER/main.o
 .debug_ranges  0x0000000000000d60       0x18 ./CODE/ADC_measure.o
 .debug_ranges  0x0000000000000d78       0x28 ./CODE/ips_show.o
 .debug_ranges  0x0000000000000da0       0x20 ./CODE/key_make.o
 .debug_ranges  0x0000000000000dc0       0x38 ./CODE/motor_PWM.o
 .debug_ranges  0x0000000000000df8       0x18 ./CODE/timer_encoder.o
 .debug_ranges  0x0000000000000e10       0x18 ./CODE/uart_showdate.o

.comment        0x0000000000000000       0x33
 .comment       0x0000000000000000       0x33 ./wch_Libraries/Peripheral/ch32v10x_adc.o
                                         0x34 (size before relaxing)
 .comment       0x0000000000000033       0x34 ./wch_Libraries/Peripheral/ch32v10x_dma.o
 .comment       0x0000000000000033       0x34 ./wch_Libraries/Peripheral/ch32v10x_exti.o
 .comment       0x0000000000000033       0x34 ./wch_Libraries/Peripheral/ch32v10x_gpio.o
 .comment       0x0000000000000033       0x34 ./wch_Libraries/Peripheral/ch32v10x_rcc.o
 .comment       0x0000000000000033       0x34 ./wch_Libraries/Peripheral/ch32v10x_spi.o
 .comment       0x0000000000000033       0x34 ./wch_Libraries/Peripheral/ch32v10x_tim.o
 .comment       0x0000000000000033       0x34 ./wch_Libraries/Peripheral/ch32v10x_usart.o
 .comment       0x0000000000000033       0x34 ./wch_Libraries/Peripheral/ch32v10x_usb.o
 .comment       0x0000000000000033       0x34 ./seekfree_peripheral/SEEKFREE_BLUETOOTH_CH9141.o
 .comment       0x0000000000000033       0x34 ./seekfree_peripheral/SEEKFREE_FONT.o
 .comment       0x0000000000000033       0x34 ./seekfree_peripheral/SEEKFREE_IPS114_SPI.o
 .comment       0x0000000000000033       0x34 ./seekfree_peripheral/SEEKFREE_MT9V03X.o
 .comment       0x0000000000000033       0x34 ./seekfree_peripheral/SEEKFREE_UART_7725.o
 .comment       0x0000000000000033       0x34 ./seekfree_peripheral/SEEKFREE_WIRELESS.o
 .comment       0x0000000000000033       0x34 ./seekfree_libraries/board.o
 .comment       0x0000000000000033       0x34 ./seekfree_libraries/clock_config.o
 .comment       0x0000000000000033       0x34 ./seekfree_libraries/common.o
 .comment       0x0000000000000033       0x34 ./seekfree_libraries/zf_adc.o
 .comment       0x0000000000000033       0x34 ./seekfree_libraries/zf_gpio.o
 .comment       0x0000000000000033       0x34 ./seekfree_libraries/zf_nvic.o
 .comment       0x0000000000000033       0x34 ./seekfree_libraries/zf_pwm.o
 .comment       0x0000000000000033       0x34 ./seekfree_libraries/zf_spi.o
 .comment       0x0000000000000033       0x34 ./seekfree_libraries/zf_systick.o
 .comment       0x0000000000000033       0x34 ./seekfree_libraries/zf_timer.o
 .comment       0x0000000000000033       0x34 ./seekfree_libraries/zf_uart.o
 .comment       0x0000000000000033       0x34 ./seekfree_libraries/zf_usb_cdc.o
 .comment       0x0000000000000033       0x34 ./USER/isr.o
 .comment       0x0000000000000033       0x34 ./USER/main.o
 .comment       0x0000000000000033       0x34 ./CODE/ADC_measure.o
 .comment       0x0000000000000033       0x34 ./CODE/ips_show.o
 .comment       0x0000000000000033       0x34 ./CODE/key_make.o
 .comment       0x0000000000000033       0x34 ./CODE/motor_PWM.o
 .comment       0x0000000000000033       0x34 ./CODE/timer_encoder.o
 .comment       0x0000000000000033       0x34 ./CODE/uart_showdate.o

.debug_frame    0x0000000000000000     0x45e8
 .debug_frame   0x0000000000000000      0x4bc ./wch_Libraries/Peripheral/ch32v10x_adc.o
 .debug_frame   0x00000000000004bc      0x174 ./wch_Libraries/Peripheral/ch32v10x_dma.o
 .debug_frame   0x0000000000000630      0x114 ./wch_Libraries/Peripheral/ch32v10x_exti.o
 .debug_frame   0x0000000000000744      0x244 ./wch_Libraries/Peripheral/ch32v10x_gpio.o
 .debug_frame   0x0000000000000988      0x418 ./wch_Libraries/Peripheral/ch32v10x_rcc.o
 .debug_frame   0x0000000000000da0      0x2fc ./wch_Libraries/Peripheral/ch32v10x_spi.o
 .debug_frame   0x000000000000109c      0xbb4 ./wch_Libraries/Peripheral/ch32v10x_tim.o
 .debug_frame   0x0000000000001c50      0x3bc ./wch_Libraries/Peripheral/ch32v10x_usart.o
 .debug_frame   0x000000000000200c      0x114 ./wch_Libraries/Peripheral/ch32v10x_usb.o
 .debug_frame   0x0000000000002120      0x2a4 ./seekfree_peripheral/SEEKFREE_BLUETOOTH_CH9141.o
 .debug_frame   0x00000000000023c4      0x370 ./seekfree_peripheral/SEEKFREE_IPS114_SPI.o
 .debug_frame   0x0000000000002734      0x1ec ./seekfree_peripheral/SEEKFREE_MT9V03X.o
 .debug_frame   0x0000000000002920      0x214 ./seekfree_peripheral/SEEKFREE_UART_7725.o
 .debug_frame   0x0000000000002b34       0x78 ./seekfree_peripheral/SEEKFREE_WIRELESS.o
 .debug_frame   0x0000000000002bac       0x58 ./seekfree_libraries/board.o
 .debug_frame   0x0000000000002c04       0x58 ./seekfree_libraries/clock_config.o
 .debug_frame   0x0000000000002c5c       0xa4 ./seekfree_libraries/zf_adc.o
 .debug_frame   0x0000000000002d00       0xbc ./seekfree_libraries/zf_gpio.o
 .debug_frame   0x0000000000002dbc       0x7c ./seekfree_libraries/zf_nvic.o
 .debug_frame   0x0000000000002e38       0xc8 ./seekfree_libraries/zf_pwm.o
 .debug_frame   0x0000000000002f00       0x80 ./seekfree_libraries/zf_spi.o
 .debug_frame   0x0000000000002f80       0x70 ./seekfree_libraries/zf_systick.o
 .debug_frame   0x0000000000002ff0       0xa0 ./seekfree_libraries/zf_timer.o
 .debug_frame   0x0000000000003090      0x150 ./seekfree_libraries/zf_uart.o
 .debug_frame   0x00000000000031e0      0x148 ./seekfree_libraries/zf_usb_cdc.o
 .debug_frame   0x0000000000003328      0x2ac ./USER/isr.o
 .debug_frame   0x00000000000035d4       0x30 ./USER/main.o
 .debug_frame   0x0000000000003604       0x58 ./CODE/ADC_measure.o
 .debug_frame   0x000000000000365c       0xa0 ./CODE/ips_show.o
 .debug_frame   0x00000000000036fc       0x8c ./CODE/key_make.o
 .debug_frame   0x0000000000003788       0xe8 ./CODE/motor_PWM.o
 .debug_frame   0x0000000000003870       0x58 ./CODE/timer_encoder.o
 .debug_frame   0x00000000000038c8       0x58 ./CODE/uart_showdate.o
 .debug_frame   0x0000000000003920       0x40 e:/mounriver/mounriver_studio/toolchain/risc-v embedded gcc/bin/../lib/gcc/riscv-none-embed/8.2.0/../../../../riscv-none-embed/lib/rv32imac/ilp32\libg_nano.a(lib_a-assert.o)
 .debug_frame   0x0000000000003960       0x48 e:/mounriver/mounriver_studio/toolchain/risc-v embedded gcc/bin/../lib/gcc/riscv-none-embed/8.2.0/../../../../riscv-none-embed/lib/rv32imac/ilp32\libg_nano.a(lib_a-fprintf.o)
 .debug_frame   0x00000000000039a8       0x20 e:/mounriver/mounriver_studio/toolchain/risc-v embedded gcc/bin/../lib/gcc/riscv-none-embed/8.2.0/../../../../riscv-none-embed/lib/rv32imac/ilp32\libg_nano.a(lib_a-memcpy.o)
 .debug_frame   0x00000000000039c8       0xd0 e:/mounriver/mounriver_studio/toolchain/risc-v embedded gcc/bin/../lib/gcc/riscv-none-embed/8.2.0/../../../../riscv-none-embed/lib/rv32imac/ilp32\libg_nano.a(lib_a-nano-vfprintf.o)
 .debug_frame   0x0000000000003a98       0x8c e:/mounriver/mounriver_studio/toolchain/risc-v embedded gcc/bin/../lib/gcc/riscv-none-embed/8.2.0/../../../../riscv-none-embed/lib/rv32imac/ilp32\libg_nano.a(lib_a-nano-vfprintf_i.o)
 .debug_frame   0x0000000000003b24       0x60 e:/mounriver/mounriver_studio/toolchain/risc-v embedded gcc/bin/../lib/gcc/riscv-none-embed/8.2.0/../../../../riscv-none-embed/lib/rv32imac/ilp32\libg_nano.a(lib_a-snprintf.o)
 .debug_frame   0x0000000000003b84       0x20 e:/mounriver/mounriver_studio/toolchain/risc-v embedded gcc/bin/../lib/gcc/riscv-none-embed/8.2.0/../../../../riscv-none-embed/lib/rv32imac/ilp32\libg_nano.a(lib_a-strncmp.o)
 .debug_frame   0x0000000000003ba4       0x50 e:/mounriver/mounriver_studio/toolchain/risc-v embedded gcc/bin/../lib/gcc/riscv-none-embed/8.2.0/../../../../riscv-none-embed/lib/rv32imac/ilp32\libg_nano.a(lib_a-wbuf.o)
 .debug_frame   0x0000000000003bf4       0x3c e:/mounriver/mounriver_studio/toolchain/risc-v embedded gcc/bin/../lib/gcc/riscv-none-embed/8.2.0/../../../../riscv-none-embed/lib/rv32imac/ilp32\libg_nano.a(lib_a-wsetup.o)
 .debug_frame   0x0000000000003c30       0x28 e:/mounriver/mounriver_studio/toolchain/risc-v embedded gcc/bin/../lib/gcc/riscv-none-embed/8.2.0/../../../../riscv-none-embed/lib/rv32imac/ilp32\libg_nano.a(lib_a-abort.o)
 .debug_frame   0x0000000000003c58       0x7c e:/mounriver/mounriver_studio/toolchain/risc-v embedded gcc/bin/../lib/gcc/riscv-none-embed/8.2.0/../../../../riscv-none-embed/lib/rv32imac/ilp32\libg_nano.a(lib_a-fflush.o)
 .debug_frame   0x0000000000003cd4      0x148 e:/mounriver/mounriver_studio/toolchain/risc-v embedded gcc/bin/../lib/gcc/riscv-none-embed/8.2.0/../../../../riscv-none-embed/lib/rv32imac/ilp32\libg_nano.a(lib_a-findfp.o)
 .debug_frame   0x0000000000003e1c       0x88 e:/mounriver/mounriver_studio/toolchain/risc-v embedded gcc/bin/../lib/gcc/riscv-none-embed/8.2.0/../../../../riscv-none-embed/lib/rv32imac/ilp32\libg_nano.a(lib_a-fwalk.o)
 .debug_frame   0x0000000000003ea4       0x64 e:/mounriver/mounriver_studio/toolchain/risc-v embedded gcc/bin/../lib/gcc/riscv-none-embed/8.2.0/../../../../riscv-none-embed/lib/rv32imac/ilp32\libg_nano.a(lib_a-makebuf.o)
 .debug_frame   0x0000000000003f08       0x20 e:/mounriver/mounriver_studio/toolchain/risc-v embedded gcc/bin/../lib/gcc/riscv-none-embed/8.2.0/../../../../riscv-none-embed/lib/rv32imac/ilp32\libg_nano.a(lib_a-memchr.o)
 .debug_frame   0x0000000000003f28       0x20 e:/mounriver/mounriver_studio/toolchain/risc-v embedded gcc/bin/../lib/gcc/riscv-none-embed/8.2.0/../../../../riscv-none-embed/lib/rv32imac/ilp32\libg_nano.a(lib_a-memmove.o)
 .debug_frame   0x0000000000003f48       0x40 e:/mounriver/mounriver_studio/toolchain/risc-v embedded gcc/bin/../lib/gcc/riscv-none-embed/8.2.0/../../../../riscv-none-embed/lib/rv32imac/ilp32\libg_nano.a(lib_a-nano-freer.o)
 .debug_frame   0x0000000000003f88       0x40 e:/mounriver/mounriver_studio/toolchain/risc-v embedded gcc/bin/../lib/gcc/riscv-none-embed/8.2.0/../../../../riscv-none-embed/lib/rv32imac/ilp32\libg_nano.a(lib_a-nano-mallocr.o)
 .debug_frame   0x0000000000003fc8       0x40 e:/mounriver/mounriver_studio/toolchain/risc-v embedded gcc/bin/../lib/gcc/riscv-none-embed/8.2.0/../../../../riscv-none-embed/lib/rv32imac/ilp32\libg_nano.a(lib_a-nano-reallocr.o)
 .debug_frame   0x0000000000004008       0xe0 e:/mounriver/mounriver_studio/toolchain/risc-v embedded gcc/bin/../lib/gcc/riscv-none-embed/8.2.0/../../../../riscv-none-embed/lib/rv32imac/ilp32\libg_nano.a(lib_a-nano-svfprintf.o)
 .debug_frame   0x00000000000040e8       0x30 e:/mounriver/mounriver_studio/toolchain/risc-v embedded gcc/bin/../lib/gcc/riscv-none-embed/8.2.0/../../../../riscv-none-embed/lib/rv32imac/ilp32\libg_nano.a(lib_a-sbrkr.o)
 .debug_frame   0x0000000000004118       0xec e:/mounriver/mounriver_studio/toolchain/risc-v embedded gcc/bin/../lib/gcc/riscv-none-embed/8.2.0/../../../../riscv-none-embed/lib/rv32imac/ilp32\libg_nano.a(lib_a-signal.o)